Product: ARM Compiler 5.04
Component: ARM Compiler 5.04 update 1 (build 49)
Tool: armlink [5040049]

==============================================================================

Section Cross References

    startup_stm32f429xx.o(RESET) refers to startup_stm32f429xx.o(STACK) for __initial_sp
    startup_stm32f429xx.o(RESET) refers to startup_stm32f429xx.o(.text) for Reset_Handler
    startup_stm32f429xx.o(RESET) refers to stm32f4xx_it.o(i.SysTick_Handler) for SysTick_Handler
    startup_stm32f429xx.o(.text) refers to system_stm32f4xx.o(i.SystemInit) for SystemInit
    startup_stm32f429xx.o(.text) refers to entry.o(.ARM.Collect$$$$00000000) for __main
    bsp_driver_sd.o(i.BSP_SD_DMA_Rx_IRQHandler) refers to stm32f4xx_hal_dma.o(i.HAL_DMA_IRQHandler) for HAL_DMA_IRQHandler
    bsp_driver_sd.o(i.BSP_SD_DMA_Rx_IRQHandler) refers to main.o(.bss) for hsd
    bsp_driver_sd.o(i.BSP_SD_DMA_Tx_IRQHandler) refers to stm32f4xx_hal_dma.o(i.HAL_DMA_IRQHandler) for HAL_DMA_IRQHandler
    bsp_driver_sd.o(i.BSP_SD_DMA_Tx_IRQHandler) refers to main.o(.bss) for hsd
    bsp_driver_sd.o(i.BSP_SD_Erase) refers to stm32f4xx_hal_sd.o(i.HAL_SD_Erase) for HAL_SD_Erase
    bsp_driver_sd.o(i.BSP_SD_Erase) refers to main.o(.bss) for hsd
    bsp_driver_sd.o(i.BSP_SD_GetCardInfo) refers to stm32f4xx_hal_sd.o(i.HAL_SD_Get_CardInfo) for HAL_SD_Get_CardInfo
    bsp_driver_sd.o(i.BSP_SD_GetCardInfo) refers to main.o(.bss) for hsd
    bsp_driver_sd.o(i.BSP_SD_GetStatus) refers to stm32f4xx_hal_sd.o(i.HAL_SD_GetStatus) for HAL_SD_GetStatus
    bsp_driver_sd.o(i.BSP_SD_GetStatus) refers to main.o(.bss) for hsd
    bsp_driver_sd.o(i.BSP_SD_IRQHandler) refers to stm32f4xx_hal_sd.o(i.HAL_SD_IRQHandler) for HAL_SD_IRQHandler
    bsp_driver_sd.o(i.BSP_SD_IRQHandler) refers to main.o(.bss) for hsd
    bsp_driver_sd.o(i.BSP_SD_Init) refers to stm32f4xx_hal_sd.o(i.HAL_SD_Init) for HAL_SD_Init
    bsp_driver_sd.o(i.BSP_SD_Init) refers to stm32f4xx_hal_sd.o(i.HAL_SD_GetCardStatus) for HAL_SD_GetCardStatus
    bsp_driver_sd.o(i.BSP_SD_Init) refers to stm32f4xx_hal_sd.o(i.HAL_SD_WideBusOperation_Config) for HAL_SD_WideBusOperation_Config
    bsp_driver_sd.o(i.BSP_SD_Init) refers to main.o(.bss) for SDCardInfo
    bsp_driver_sd.o(i.BSP_SD_ReadBlocks) refers to stm32f4xx_hal_sd.o(i.HAL_SD_ReadBlocks) for HAL_SD_ReadBlocks
    bsp_driver_sd.o(i.BSP_SD_ReadBlocks) refers to main.o(.bss) for hsd
    bsp_driver_sd.o(i.BSP_SD_ReadBlocks_DMA) refers to stm32f4xx_hal_sd.o(i.HAL_SD_ReadBlocks_DMA) for HAL_SD_ReadBlocks_DMA
    bsp_driver_sd.o(i.BSP_SD_ReadBlocks_DMA) refers to stm32f4xx_hal_sd.o(i.HAL_SD_CheckReadOperation) for HAL_SD_CheckReadOperation
    bsp_driver_sd.o(i.BSP_SD_ReadBlocks_DMA) refers to main.o(.bss) for hsd
    bsp_driver_sd.o(i.BSP_SD_WriteBlocks) refers to stm32f4xx_hal_sd.o(i.HAL_SD_WriteBlocks) for HAL_SD_WriteBlocks
    bsp_driver_sd.o(i.BSP_SD_WriteBlocks) refers to main.o(.bss) for hsd
    bsp_driver_sd.o(i.BSP_SD_WriteBlocks_DMA) refers to stm32f4xx_hal_sd.o(i.HAL_SD_WriteBlocks_DMA) for HAL_SD_WriteBlocks_DMA
    bsp_driver_sd.o(i.BSP_SD_WriteBlocks_DMA) refers to stm32f4xx_hal_sd.o(i.HAL_SD_CheckWriteOperation) for HAL_SD_CheckWriteOperation
    bsp_driver_sd.o(i.BSP_SD_WriteBlocks_DMA) refers to main.o(.bss) for hsd
    main.o(i.MX_FMC_Init) refers to stm32f4xx_hal_sdram.o(i.HAL_SDRAM_Init) for HAL_SDRAM_Init
    main.o(i.MX_FMC_Init) refers to main.o(.bss) for .bss
    main.o(i.MX_GPIO_Init) refers to stm32f4xx_hal_gpio.o(i.HAL_GPIO_Init) for HAL_GPIO_Init
    main.o(i.MX_SPI1_Init) refers to stm32f4xx_hal_spi.o(i.HAL_SPI_Init) for HAL_SPI_Init
    main.o(i.MX_SPI1_Init) refers to main.o(.bss) for .bss
    main.o(i.SystemClock_Config) refers to stm32f4xx_hal_rcc.o(i.HAL_RCC_OscConfig) for HAL_RCC_OscConfig
    main.o(i.drawGauge) refers to main.o(i.ft800memWrite32) for ft800memWrite32
    main.o(i.drawGauge) refers to main.o(i.incCMDOffset) for incCMDOffset
    main.o(i.drawGauge) refers to main.o(.data) for .data
    main.o(i.drawText) refers to main.o(i.ft800memWrite32) for ft800memWrite32
    main.o(i.drawText) refers to main.o(i.incCMDOffset) for incCMDOffset
    main.o(i.drawText) refers to main.o(i.ft800memWrite16) for ft800memWrite16
    main.o(i.drawText) refers to strlen.o(.text) for strlen
    main.o(i.drawText) refers to main.o(.data) for .data
    main.o(i.ft800cmdWrite) refers to stm32f4xx_hal_gpio.o(i.HAL_GPIO_WritePin) for HAL_GPIO_WritePin
    main.o(i.ft800cmdWrite) refers to stm32f4xx_hal_spi.o(i.HAL_SPI_Transmit) for HAL_SPI_Transmit
    main.o(i.ft800cmdWrite) refers to main.o(.bss) for .bss
    main.o(i.ft800memRead16) refers to stm32f4xx_hal_gpio.o(i.HAL_GPIO_WritePin) for HAL_GPIO_WritePin
    main.o(i.ft800memRead16) refers to stm32f4xx_hal_spi.o(i.HAL_SPI_Transmit) for HAL_SPI_Transmit
    main.o(i.ft800memRead16) refers to stm32f4xx_hal_spi.o(i.HAL_SPI_Receive) for HAL_SPI_Receive
    main.o(i.ft800memRead16) refers to main.o(.bss) for .bss
[...]
    mallocra.o(i.__realloc$memalign) refers to mallocra.o(i.__free$realloc$memalign) for __free$realloc$memalign
    mallocra.o(i.__realloc$memalign) refers to mallocra.o(i.internal_alloc) for internal_alloc
    mallocra.o(i.__realloc$memalign) refers to mallocra.o(i.__malloc$realloc$memalign) for __malloc$realloc$memalign
    mallocra.o(i.__realloc$memalign) refers to mvars.o(.data) for __microlib_freelist
    mallocra.o(i.internal_alloc) refers to memcpya.o(.text) for __aeabi_memcpy
    mallocra.o(i.internal_alloc) refers to mvars.o(.data) for __microlib_freelist
    entry2.o(.ARM.Collect$$$$00000001) refers to entry2.o(.ARM.Collect$$$$00002712) for __lit__00000000
    entry2.o(.ARM.Collect$$$$00002712) refers to startup_stm32f429xx.o(STACK) for __initial_sp
    entry2.o(__vectab_stack_and_reset_area) refers to startup_stm32f429xx.o(STACK) for __initial_sp
    entry2.o(__vectab_stack_and_reset_area) refers to entry.o(.ARM.Collect$$$$00000000) for __main
    entry5.o(.ARM.Collect$$$$00000004) refers to init.o(.text) for __scatterload
    entry9a.o(.ARM.Collect$$$$0000000B) refers to main.o(i.main) for main
    entry9b.o(.ARM.Collect$$$$0000000C) refers to main.o(i.main) for main
    init.o(.text) refers to entry5.o(.ARM.Collect$$$$00000004) for __main_after_scatterload


==============================================================================

Removing Unused input sections from the image.

    Removing startup_stm32f429xx.o(HEAP), (512 bytes).
    Removing bsp_driver_sd.o(.rev16_text), (4 bytes).
    Removing bsp_driver_sd.o(.revsh_text), (4 bytes).
    Removing bsp_driver_sd.o(i.BSP_SD_DMA_Rx_IRQHandler), (12 bytes).
    Removing bsp_driver_sd.o(i.BSP_SD_DMA_Tx_IRQHandler), (12 bytes).
    Removing bsp_driver_sd.o(i.BSP_SD_DetectCallback), (2 bytes).
    Removing bsp_driver_sd.o(i.BSP_SD_DetectIT), (2 bytes).
    Removing bsp_driver_sd.o(i.BSP_SD_Erase), (28 bytes).
    Removing bsp_driver_sd.o(i.BSP_SD_IRQHandler), (12 bytes).
    Removing bsp_driver_sd.o(i.BSP_SD_ITConfig), (4 bytes).
    Removing bsp_driver_sd.o(i.BSP_SD_IsDetected), (14 bytes).
    Removing bsp_driver_sd.o(i.BSP_SD_ReadBlocks_DMA), (48 bytes).
    Removing bsp_driver_sd.o(i.BSP_SD_WriteBlocks_DMA), (48 bytes).
    Removing main.o(.rev16_text), (4 bytes).
    Removing main.o(.revsh_text), (4 bytes).
    Removing main.o(i.ft800memRead32), (116 bytes).
    Removing main.o(.data), (4 bytes).
    Removing main.o(.data), (4 bytes).
    Removing main.o(.data), (4 bytes).
    Removing main.o(.data), (4 bytes).
    Removing main.o(.data), (4 bytes).
    Removing main.o(.data), (4 bytes).
    Removing main.o(.data), (4 bytes).
    Removing main.o(.data), (4 bytes).
    Removing stm32f4xx_hal_msp.o(.rev16_text), (4 bytes).
    Removing stm32f4xx_hal_msp.o(.revsh_text), (4 bytes).
    Removing stm32f4xx_hal_msp.o(i.HAL_IWDG_MspDeInit), (2 bytes).
    Removing stm32f4xx_hal_msp.o(i.HAL_SDRAM_MspDeInit), (120 bytes).
    Removing stm32f4xx_hal_msp.o(i.HAL_SD_MspDeInit), (60 bytes).
    Removing stm32f4xx_hal_msp.o(i.HAL_SPI_MspDeInit), (40 bytes).
    Removing stm32f4xx_hal_msp.o(i.HAL_UART_MspDeInit), (44 bytes).
    Removing stm32f4xx_it.o(.rev16_text), (4 bytes).
    Removing stm32f4xx_it.o(.revsh_text), (4 bytes).
    Removing system_stm32f4xx.o(.rev16_text), (4 bytes).
    Removing system_stm32f4xx.o(.revsh_text), (4 bytes).
    Removing system_stm32f4xx.o(i.SystemCoreClockUpdate), (120 bytes).
    Removing stm32f4xx_hal.o(.rev16_text), (4 bytes).
    Removing stm32f4xx_hal.o(.revsh_text), (4 bytes).
    Removing stm32f4xx_hal.o(i.HAL_DeInit), (52 bytes).
    Removing stm32f4xx_hal.o(i.HAL_DisableCompensationCell), (12 bytes).
    Removing stm32f4xx_hal.o(i.HAL_DisableDBGSleepMode), (16 bytes).
    Removing stm32f4xx_hal.o(i.HAL_DisableDBGStandbyMode), (16 bytes).
    Removing stm32f4xx_hal.o(i.HAL_DisableDBGStopMode), (16 bytes).
    Removing stm32f4xx_hal.o(i.HAL_DisableMemorySwappingBank), (12 bytes).
    Removing stm32f4xx_hal.o(i.HAL_EnableCompensationCell), (12 bytes).
    Removing stm32f4xx_hal.o(i.HAL_EnableDBGSleepMode), (16 bytes).
    Removing stm32f4xx_hal.o(i.HAL_EnableDBGStandbyMode), (16 bytes).
    Removing stm32f4xx_hal.o(i.HAL_EnableDBGStopMode), (16 bytes).
    Removing stm32f4xx_hal.o(i.HAL_EnableMemorySwappingBank), (12 bytes).
    Removing stm32f4xx_hal.o(i.HAL_GetDEVID), (16 bytes).
    Removing stm32f4xx_hal.o(i.HAL_GetHalVersion), (8 bytes).
    Removing stm32f4xx_hal.o(i.HAL_GetREVID), (12 bytes).
    Removing stm32f4xx_hal.o(i.HAL_MspDeInit), (2 bytes).
    Removing stm32f4xx_hal.o(i.HAL_ResumeTick), (14 bytes).
    Removing stm32f4xx_hal.o(i.HAL_SuspendTick), (14 bytes).
    Removing stm32f4xx_hal_cortex.o(.rev16_text), (4 bytes).
    Removing stm32f4xx_hal_cortex.o(.revsh_text), (4 bytes).
    Removing stm32f4xx_hal_cortex.o(i.HAL_NVIC_ClearPendingIRQ), (22 bytes).
    Removing stm32f4xx_hal_cortex.o(i.HAL_NVIC_DisableIRQ), (22 bytes).
    Removing stm32f4xx_hal_cortex.o(i.HAL_NVIC_EnableIRQ), (22 bytes).
    Removing stm32f4xx_hal_cortex.o(i.HAL_NVIC_GetActive), (32 bytes).
    Removing stm32f4xx_hal_cortex.o(i.HAL_NVIC_GetPendingIRQ), (32 bytes).
    Removing stm32f4xx_hal_cortex.o(i.HAL_NVIC_GetPriority), (82 bytes).
    Removing stm32f4xx_hal_cortex.o(i.HAL_NVIC_GetPriorityGrouping), (16 bytes).
    Removing stm32f4xx_hal_cortex.o(i.HAL_NVIC_SetPendingIRQ), (22 bytes).
    Removing stm32f4xx_hal_cortex.o(i.HAL_NVIC_SystemReset), (32 bytes).
    Removing stm32f4xx_hal_cortex.o(i.HAL_SYSTICK_CLKSourceConfig), (24 bytes).
    Removing stm32f4xx_hal_dma.o(.rev16_text), (4 bytes).
    Removing stm32f4xx_hal_dma.o(.revsh_text), (4 bytes).
    Removing stm32f4xx_hal_dma.o(i.DMA_SetConfig), (30 bytes).
    Removing stm32f4xx_hal_dma.o(i.HAL_DMA_Abort), (84 bytes).
    Removing stm32f4xx_hal_dma.o(i.HAL_DMA_DeInit), (2508 bytes).
    Removing stm32f4xx_hal_dma.o(i.HAL_DMA_GetError), (4 bytes).
    Removing stm32f4xx_hal_dma.o(i.HAL_DMA_GetState), (6 bytes).
    Removing stm32f4xx_hal_dma.o(i.HAL_DMA_IRQHandler), (3948 bytes).
    Removing stm32f4xx_hal_dma.o(i.HAL_DMA_Init), (112 bytes).
    Removing stm32f4xx_hal_dma.o(i.HAL_DMA_PollForTransfer), (4748 bytes).
    Removing stm32f4xx_hal_dma.o(i.HAL_DMA_Start), (58 bytes).
    Removing stm32f4xx_hal_dma.o(i.HAL_DMA_Start_IT), (108 bytes).
    Removing stm32f4xx_hal_dma_ex.o(.rev16_text), (4 bytes).
    Removing stm32f4xx_hal_dma_ex.o(.revsh_text), (4 bytes).
    Removing stm32f4xx_hal_dma_ex.o(i.DMA_MultiBufferSetConfig), (30 bytes).
    Removing stm32f4xx_hal_dma_ex.o(i.HAL_DMAEx_ChangeMemory), (14 bytes).
    Removing stm32f4xx_hal_dma_ex.o(i.HAL_DMAEx_MultiBufferStart), (92 bytes).
    Removing stm32f4xx_hal_dma_ex.o(i.HAL_DMAEx_MultiBufferStart_IT), (142 bytes).
    Removing stm32f4xx_hal_flash.o(.rev16_text), (4 bytes).
    Removing stm32f4xx_hal_flash.o(.revsh_text), (4 bytes).
    Removing stm32f4xx_hal_flash.o(i.FLASH_Program_Byte), (32 bytes).
    Removing stm32f4xx_hal_flash.o(i.FLASH_Program_DoubleWord), (40 bytes).
    Removing stm32f4xx_hal_flash.o(i.FLASH_Program_HalfWord), (36 bytes).
    Removing stm32f4xx_hal_flash.o(i.FLASH_Program_Word), (36 bytes).
    Removing stm32f4xx_hal_flash.o(i.FLASH_SetErrorCode), (96 bytes).
    Removing stm32f4xx_hal_flash.o(i.FLASH_WaitForLastOperation), (60 bytes).
    Removing stm32f4xx_hal_flash.o(i.HAL_FLASH_EndOfOperationCallback), (2 bytes).
    Removing stm32f4xx_hal_flash.o(i.HAL_FLASH_GetError), (12 bytes).
    Removing stm32f4xx_hal_flash.o(i.HAL_FLASH_IRQHandler), (256 bytes).
    Removing stm32f4xx_hal_flash.o(i.HAL_FLASH_Lock), (20 bytes).
    Removing stm32f4xx_hal_flash.o(i.HAL_FLASH_OB_Launch), (24 bytes).
    Removing stm32f4xx_hal_flash.o(i.HAL_FLASH_OB_Lock), (20 bytes).
    Removing stm32f4xx_hal_flash.o(i.HAL_FLASH_OB_Unlock), (40 bytes).
    Removing stm32f4xx_hal_flash.o(i.HAL_FLASH_OperationErrorCallback), (2 bytes).
    Removing stm32f4xx_hal_flash.o(i.HAL_FLASH_Program), (124 bytes).
    Removing stm32f4xx_hal_flash.o(i.HAL_FLASH_Program_IT), (116 bytes).
    Removing stm32f4xx_hal_flash.o(i.HAL_FLASH_Unlock), (40 bytes).
    Removing stm32f4xx_hal_flash.o(.bss), (28 bytes).
    Removing stm32f4xx_hal_flash_ex.o(.rev16_text), (4 bytes).
    Removing stm32f4xx_hal_flash_ex.o(.revsh_text), (4 bytes).
    Removing stm32f4xx_hal_flash_ex.o(i.FLASH_Erase_Sector), (96 bytes).
    Removing stm32f4xx_hal_flash_ex.o(i.FLASH_MassErase), (60 bytes).
    Removing stm32f4xx_hal_flash_ex.o(i.FLASH_OB_DisableWRP), (112 bytes).
    Removing stm32f4xx_hal_flash_ex.o(i.FLASH_OB_EnableWRP), (116 bytes).
    Removing stm32f4xx_hal_flash_ex.o(i.HAL_FLASHEx_AdvOBGetConfig), (28 bytes).
    Removing stm32f4xx_hal_flash_ex.o(i.HAL_FLASHEx_AdvOBProgram), (188 bytes).
    Removing stm32f4xx_hal_flash_ex.o(i.HAL_FLASHEx_Erase), (152 bytes).
    Removing stm32f4xx_hal_flash_ex.o(i.HAL_FLASHEx_Erase_IT), (104 bytes).
    Removing stm32f4xx_hal_flash_ex.o(i.HAL_FLASHEx_OBGetConfig), (52 bytes).
    Removing stm32f4xx_hal_flash_ex.o(i.HAL_FLASHEx_OBProgram), (184 bytes).
    Removing stm32f4xx_hal_flash_ex.o(i.HAL_FLASHEx_OB_DeSelectPCROP), (20 bytes).
    Removing stm32f4xx_hal_flash_ex.o(i.HAL_FLASHEx_OB_GetBank2WRP), (12 bytes).
    Removing stm32f4xx_hal_flash_ex.o(i.HAL_FLASHEx_OB_SelectPCROP), (24 bytes).
    Removing stm32f4xx_hal_flash_ramfunc.o(.rev16_text), (4 bytes).
    Removing stm32f4xx_hal_flash_ramfunc.o(.revsh_text), (4 bytes).
    Removing stm32f4xx_hal_gpio.o(.rev16_text), (4 bytes).
    Removing stm32f4xx_hal_gpio.o(.revsh_text), (4 bytes).
    Removing stm32f4xx_hal_gpio.o(i.HAL_GPIO_DeInit), (164 bytes).
    Removing stm32f4xx_hal_gpio.o(i.HAL_GPIO_EXTI_Callback), (2 bytes).
    Removing stm32f4xx_hal_gpio.o(i.HAL_GPIO_EXTI_IRQHandler), (24 bytes).
    Removing stm32f4xx_hal_gpio.o(i.HAL_GPIO_LockPin), (34 bytes).
    Removing stm32f4xx_hal_gpio.o(i.HAL_GPIO_ReadPin), (10 bytes).
    Removing stm32f4xx_hal_gpio.o(i.HAL_GPIO_TogglePin), (8 bytes).
    Removing stm32f4xx_hal_iwdg.o(.rev16_text), (4 bytes).
    Removing stm32f4xx_hal_iwdg.o(.revsh_text), (4 bytes).
    Removing stm32f4xx_hal_iwdg.o(i.HAL_IWDG_GetState), (4 bytes).
    Removing stm32f4xx_hal_iwdg.o(i.HAL_IWDG_MspInit), (2 bytes).
    Removing stm32f4xx_hal_iwdg.o(i.HAL_IWDG_Refresh), (84 bytes).
    Removing stm32f4xx_hal_iwdg.o(i.HAL_IWDG_Start), (42 bytes).
    Removing stm32f4xx_hal_pwr.o(.rev16_text), (4 bytes).
    Removing stm32f4xx_hal_pwr.o(.revsh_text), (4 bytes).
    Removing stm32f4xx_hal_pwr.o(i.HAL_PWR_DeInit), (24 bytes).
    Removing stm32f4xx_hal_pwr.o(i.HAL_PWR_DisableBkUpAccess), (12 bytes).
    Removing stm32f4xx_hal_pwr.o(i.HAL_PWR_DisablePVD), (12 bytes).
    Removing stm32f4xx_hal_pwr.o(i.HAL_PWR_DisableWakeUpPin), (16 bytes).
    Removing stm32f4xx_hal_pwr.o(i.HAL_PWR_EnableBkUpAccess), (12 bytes).
    Removing stm32f4xx_hal_pwr.o(i.HAL_PWR_EnablePVD), (12 bytes).
    Removing stm32f4xx_hal_pwr.o(i.HAL_PWR_EnableWakeUpPin), (16 bytes).
    Removing stm32f4xx_hal_pwr.o(i.HAL_PWR_EnterSLEEPMode), (16 bytes).
    Removing stm32f4xx_hal_pwr.o(i.HAL_PWR_EnterSTANDBYMode), (32 bytes).
    Removing stm32f4xx_hal_pwr.o(i.HAL_PWR_EnterSTOPMode), (52 bytes).
    Removing stm32f4xx_hal_pwr.o(i.HAL_PWR_PVDCallback), (2 bytes).
    Removing stm32f4xx_hal_pwr.o(i.HAL_PWR_PVDConfig), (108 bytes).
    Removing stm32f4xx_hal_pwr.o(i.HAL_PWR_PVD_IRQHandler), (28 bytes).
    Removing stm32f4xx_hal_pwr_ex.o(.rev16_text), (4 bytes).
    Removing stm32f4xx_hal_pwr_ex.o(.revsh_text), (4 bytes).
    Removing stm32f4xx_hal_pwr_ex.o(i.HAL_PWREx_ActivateOverDrive), (104 bytes).
    Removing stm32f4xx_hal_pwr_ex.o(i.HAL_PWREx_DeactivateOverDrive), (104 bytes).
    Removing stm32f4xx_hal_pwr_ex.o(i.HAL_PWREx_DisableBkUpReg), (60 bytes).
    Removing stm32f4xx_hal_pwr_ex.o(i.HAL_PWREx_DisableFlashPowerDown), (12 bytes).
    Removing stm32f4xx_hal_pwr_ex.o(i.HAL_PWREx_EnableBkUpReg), (60 bytes).
    Removing stm32f4xx_hal_pwr_ex.o(i.HAL_PWREx_EnableFlashPowerDown), (12 bytes).
    Removing stm32f4xx_hal_pwr_ex.o(i.HAL_PWREx_EnterUnderDriveSTOPMode), (132 bytes).
    Removing stm32f4xx_hal_rcc.o(.rev16_text), (4 bytes).
    Removing stm32f4xx_hal_rcc.o(.revsh_text), (4 bytes).
    Removing stm32f4xx_hal_rcc.o(i.HAL_RCC_CCSCallback), (2 bytes).
    Removing stm32f4xx_hal_rcc.o(i.HAL_RCC_ClockConfig), (440 bytes).
    Removing stm32f4xx_hal_rcc.o(i.HAL_RCC_DeInit), (88 bytes).
    Removing stm32f4xx_hal_rcc.o(i.HAL_RCC_DisableCSS), (12 bytes).
    Removing stm32f4xx_hal_rcc.o(i.HAL_RCC_EnableCSS), (12 bytes).
    Removing stm32f4xx_hal_rcc.o(i.HAL_RCC_GetClockConfig), (64 bytes).
    Removing stm32f4xx_hal_rcc.o(i.HAL_RCC_GetOscConfig), (224 bytes).
    Removing stm32f4xx_hal_rcc.o(i.HAL_RCC_MCOConfig), (116 bytes).
    Removing stm32f4xx_hal_rcc.o(i.HAL_RCC_NMI_IRQHandler), (28 bytes).
    Removing stm32f4xx_hal_rcc_ex.o(.rev16_text), (4 bytes).
    Removing stm32f4xx_hal_rcc_ex.o(.revsh_text), (4 bytes).
    Removing stm32f4xx_hal_rcc_ex.o(i.HAL_RCCEx_GetPeriphCLKConfig), (228 bytes).
    Removing stm32f4xx_hal_rcc_ex.o(i.HAL_RCCEx_PeriphCLKConfig), (624 bytes).
    Removing stm32f4xx_hal_sd.o(.rev16_text), (4 bytes).
    Removing stm32f4xx_hal_sd.o(.revsh_text), (4 bytes).
    Removing stm32f4xx_hal_sd.o(i.HAL_SD_CheckReadOperation), (94 bytes).
    Removing stm32f4xx_hal_sd.o(i.HAL_SD_CheckWriteOperation), (108 bytes).
    Removing stm32f4xx_hal_sd.o(i.HAL_SD_DMA_RxCpltCallback), (2 bytes).
    Removing stm32f4xx_hal_sd.o(i.HAL_SD_DMA_RxErrorCallback), (2 bytes).
    Removing stm32f4xx_hal_sd.o(i.HAL_SD_DMA_TxCpltCallback), (2 bytes).
    Removing stm32f4xx_hal_sd.o(i.HAL_SD_DMA_TxErrorCallback), (2 bytes).
    Removing stm32f4xx_hal_sd.o(i.HAL_SD_DeInit), (20 bytes).
    Removing stm32f4xx_hal_sd.o(i.HAL_SD_Erase), (248 bytes).
    Removing stm32f4xx_hal_sd.o(i.HAL_SD_HighSpeed), (304 bytes).
    Removing stm32f4xx_hal_sd.o(i.HAL_SD_IRQHandler), (124 bytes).
    Removing stm32f4xx_hal_sd.o(i.HAL_SD_MspDeInit), (2 bytes).
    Removing stm32f4xx_hal_sd.o(i.HAL_SD_MspInit), (2 bytes).
    Removing stm32f4xx_hal_sd.o(i.HAL_SD_ReadBlocks_DMA), (236 bytes).
    Removing stm32f4xx_hal_sd.o(i.HAL_SD_WriteBlocks_DMA), (240 bytes).
    Removing stm32f4xx_hal_sd.o(i.HAL_SD_XferCpltCallback), (2 bytes).
    Removing stm32f4xx_hal_sd.o(i.HAL_SD_XferErrorCallback), (2 bytes).
    Removing stm32f4xx_hal_sd.o(i.SD_DMA_RxCplt), (22 bytes).
    Removing stm32f4xx_hal_sd.o(i.SD_DMA_RxError), (12 bytes).
    Removing stm32f4xx_hal_sd.o(i.SD_DMA_TxCplt), (22 bytes).
    Removing stm32f4xx_hal_sd.o(i.SD_DMA_TxError), (12 bytes).
    Removing stm32f4xx_hal_sdram.o(.rev16_text), (4 bytes).
    Removing stm32f4xx_hal_sdram.o(.revsh_text), (4 bytes).
    Removing stm32f4xx_hal_sdram.o(i.HAL_SDRAM_DMA_XferCpltCallback), (2 bytes).
    Removing stm32f4xx_hal_sdram.o(i.HAL_SDRAM_DMA_XferErrorCallback), (2 bytes).
    Removing stm32f4xx_hal_sdram.o(i.HAL_SDRAM_DeInit), (28 bytes).
    Removing stm32f4xx_hal_sdram.o(i.HAL_SDRAM_GetModeStatus), (6 bytes).
    Removing stm32f4xx_hal_sdram.o(i.HAL_SDRAM_GetState), (6 bytes).
    Removing stm32f4xx_hal_sdram.o(i.HAL_SDRAM_IRQHandler), (30 bytes).
    Removing stm32f4xx_hal_sdram.o(i.HAL_SDRAM_MspDeInit), (2 bytes).
    Removing stm32f4xx_hal_sdram.o(i.HAL_SDRAM_MspInit), (2 bytes).
    Removing stm32f4xx_hal_sdram.o(i.HAL_SDRAM_ProgramRefreshRate), (34 bytes).
    Removing stm32f4xx_hal_sdram.o(i.HAL_SDRAM_Read_16b), (66 bytes).
    Removing stm32f4xx_hal_sdram.o(i.HAL_SDRAM_Read_32b), (62 bytes).
    Removing stm32f4xx_hal_sdram.o(i.HAL_SDRAM_Read_8b), (66 bytes).
    Removing stm32f4xx_hal_sdram.o(i.HAL_SDRAM_Read_DMA), (72 bytes).
    Removing stm32f4xx_hal_sdram.o(i.HAL_SDRAM_RefreshErrorCallback), (2 bytes).
    Removing stm32f4xx_hal_sdram.o(i.HAL_SDRAM_SendCommand), (48 bytes).
    Removing stm32f4xx_hal_sdram.o(i.HAL_SDRAM_SetAutoRefreshNumber), (34 bytes).
    Removing stm32f4xx_hal_sdram.o(i.HAL_SDRAM_WriteProtection_Disable), (36 bytes).
    Removing stm32f4xx_hal_sdram.o(i.HAL_SDRAM_WriteProtection_Enable), (36 bytes).
    Removing stm32f4xx_hal_sdram.o(i.HAL_SDRAM_Write_16b), (66 bytes).
    Removing stm32f4xx_hal_sdram.o(i.HAL_SDRAM_Write_32b), (62 bytes).
    Removing stm32f4xx_hal_sdram.o(i.HAL_SDRAM_Write_8b), (66 bytes).
    Removing stm32f4xx_hal_sdram.o(i.HAL_SDRAM_Write_DMA), (84 bytes).
    Removing stm32f4xx_hal_spi.o(.rev16_text), (4 bytes).
    Removing stm32f4xx_hal_spi.o(.revsh_text), (4 bytes).
    Removing stm32f4xx_hal_spi.o(i.HAL_SPI_DMAPause), (48 bytes).
    Removing stm32f4xx_hal_spi.o(i.HAL_SPI_DMAResume), (48 bytes).
    Removing stm32f4xx_hal_spi.o(i.HAL_SPI_DMAStop), (50 bytes).
    Removing stm32f4xx_hal_spi.o(i.HAL_SPI_DeInit), (42 bytes).
    Removing stm32f4xx_hal_spi.o(i.HAL_SPI_ErrorCallback), (2 bytes).
    Removing stm32f4xx_hal_spi.o(i.HAL_SPI_GetError), (6 bytes).
    Removing stm32f4xx_hal_spi.o(i.HAL_SPI_GetState), (6 bytes).
    Removing stm32f4xx_hal_spi.o(i.HAL_SPI_IRQHandler), (198 bytes).
    Removing stm32f4xx_hal_spi.o(i.HAL_SPI_MspDeInit), (2 bytes).
    Removing stm32f4xx_hal_spi.o(i.HAL_SPI_MspInit), (2 bytes).
    Removing stm32f4xx_hal_spi.o(i.HAL_SPI_Receive_DMA), (224 bytes).
    Removing stm32f4xx_hal_spi.o(i.HAL_SPI_Receive_IT), (180 bytes).
    Removing stm32f4xx_hal_spi.o(i.HAL_SPI_RxCpltCallback), (2 bytes).
    Removing stm32f4xx_hal_spi.o(i.HAL_SPI_RxHalfCpltCallback), (2 bytes).
    Removing stm32f4xx_hal_spi.o(i.HAL_SPI_TransmitReceive_DMA), (260 bytes).
    Removing stm32f4xx_hal_spi.o(i.HAL_SPI_TransmitReceive_IT), (172 bytes).
    Removing stm32f4xx_hal_spi.o(i.HAL_SPI_Transmit_DMA), (192 bytes).
    Removing stm32f4xx_hal_spi.o(i.HAL_SPI_Transmit_IT), (164 bytes).
    Removing stm32f4xx_hal_spi.o(i.HAL_SPI_TxCpltCallback), (2 bytes).
    Removing stm32f4xx_hal_spi.o(i.HAL_SPI_TxHalfCpltCallback), (2 bytes).
    Removing stm32f4xx_hal_spi.o(i.HAL_SPI_TxRxCpltCallback), (2 bytes).
    Removing stm32f4xx_hal_spi.o(i.HAL_SPI_TxRxHalfCpltCallback), (2 bytes).
    Removing stm32f4xx_hal_spi.o(i.SPI_2LinesRxISR), (44 bytes).
    Removing stm32f4xx_hal_spi.o(i.SPI_DMAError), (34 bytes).
    Removing stm32f4xx_hal_spi.o(i.SPI_DMAHalfReceiveCplt), (10 bytes).
    Removing stm32f4xx_hal_spi.o(i.SPI_DMAHalfTransmitCplt), (10 bytes).
    Removing stm32f4xx_hal_spi.o(i.SPI_DMAHalfTransmitReceiveCplt), (10 bytes).
    Removing stm32f4xx_hal_spi.o(i.SPI_DMAReceiveCplt), (192 bytes).
    Removing stm32f4xx_hal_spi.o(i.SPI_DMATransmitCplt), (116 bytes).
    Removing stm32f4xx_hal_spi.o(i.SPI_DMATransmitReceiveCplt), (200 bytes).
    Removing stm32f4xx_hal_spi.o(i.SPI_RxCloseIRQHandler), (218 bytes).
    Removing stm32f4xx_hal_spi.o(i.SPI_RxISR), (70 bytes).
    Removing stm32f4xx_hal_spi.o(i.SPI_TxCloseIRQHandler), (138 bytes).
    Removing stm32f4xx_hal_spi.o(i.SPI_TxISR), (66 bytes).
    Removing stm32f4xx_hal_uart.o(.rev16_text), (4 bytes).
    Removing stm32f4xx_hal_uart.o(.revsh_text), (4 bytes).
    Removing stm32f4xx_hal_uart.o(i.HAL_HalfDuplex_EnableReceiver), (48 bytes).
    Removing stm32f4xx_hal_uart.o(i.HAL_HalfDuplex_EnableTransmitter), (48 bytes).
    Removing stm32f4xx_hal_uart.o(i.HAL_HalfDuplex_Init), (102 bytes).
    Removing stm32f4xx_hal_uart.o(i.HAL_LIN_Init), (122 bytes).
    Removing stm32f4xx_hal_uart.o(i.HAL_LIN_SendBreak), (44 bytes).
    Removing stm32f4xx_hal_uart.o(i.HAL_MultiProcessor_EnterMuteMode), (44 bytes).
    Removing stm32f4xx_hal_uart.o(i.HAL_MultiProcessor_ExitMuteMode), (44 bytes).
    Removing stm32f4xx_hal_uart.o(i.HAL_MultiProcessor_Init), (132 bytes).
    Removing stm32f4xx_hal_uart.o(i.HAL_UART_DMAPause), (86 bytes).
    Removing stm32f4xx_hal_uart.o(i.HAL_UART_DMAResume), (96 bytes).
    Removing stm32f4xx_hal_uart.o(i.HAL_UART_DMAStop), (50 bytes).
    Removing stm32f4xx_hal_uart.o(i.HAL_UART_DeInit), (38 bytes).
    Removing stm32f4xx_hal_uart.o(i.HAL_UART_ErrorCallback), (2 bytes).
    Removing stm32f4xx_hal_uart.o(i.HAL_UART_GetError), (6 bytes).
    Removing stm32f4xx_hal_uart.o(i.HAL_UART_GetState), (6 bytes).
    Removing stm32f4xx_hal_uart.o(i.HAL_UART_IRQHandler), (202 bytes).
    Removing stm32f4xx_hal_uart.o(i.HAL_UART_MspDeInit), (2 bytes).
    Removing stm32f4xx_hal_uart.o(i.HAL_UART_MspInit), (2 bytes).
    Removing stm32f4xx_hal_uart.o(i.HAL_UART_Receive), (204 bytes).
    Removing stm32f4xx_hal_uart.o(i.HAL_UART_Receive_DMA), (140 bytes).
    Removing stm32f4xx_hal_uart.o(i.HAL_UART_Receive_IT), (106 bytes).
    Removing stm32f4xx_hal_uart.o(i.HAL_UART_RxCpltCallback), (2 bytes).
    Removing stm32f4xx_hal_uart.o(i.HAL_UART_RxHalfCpltCallback), (2 bytes).
    Removing stm32f4xx_hal_uart.o(i.HAL_UART_Transmit), (204 bytes).
    Removing stm32f4xx_hal_uart.o(i.HAL_UART_Transmit_DMA), (132 bytes).
    Removing stm32f4xx_hal_uart.o(i.HAL_UART_Transmit_IT), (106 bytes).
    Removing stm32f4xx_hal_uart.o(i.HAL_UART_TxCpltCallback), (2 bytes).
    Removing stm32f4xx_hal_uart.o(i.HAL_UART_TxHalfCpltCallback), (2 bytes).
    Removing stm32f4xx_hal_uart.o(i.UART_DMAError), (34 bytes).
    Removing stm32f4xx_hal_uart.o(i.UART_DMAReceiveCplt), (54 bytes).
    Removing stm32f4xx_hal_uart.o(i.UART_DMARxHalfCplt), (10 bytes).
    Removing stm32f4xx_hal_uart.o(i.UART_DMATransmitCplt), (84 bytes).
    Removing stm32f4xx_hal_uart.o(i.UART_DMATxHalfCplt), (10 bytes).
    Removing stm32f4xx_hal_uart.o(i.UART_Receive_IT), (168 bytes).
    Removing stm32f4xx_hal_uart.o(i.UART_Transmit_IT), (162 bytes).
    Removing stm32f4xx_hal_uart.o(i.UART_WaitOnFlagUntilTimeout), (146 bytes).
    Removing stm32f4xx_ll_fmc.o(.rev16_text), (4 bytes).
    Removing stm32f4xx_ll_fmc.o(.revsh_text), (4 bytes).
    Removing stm32f4xx_ll_fmc.o(i.FMC_NAND_AttributeSpace_Timing_Init), (36 bytes).
    Removing stm32f4xx_ll_fmc.o(i.FMC_NAND_CommonSpace_Timing_Init), (36 bytes).
    Removing stm32f4xx_ll_fmc.o(i.FMC_NAND_DeInit), (52 bytes).
    Removing stm32f4xx_ll_fmc.o(i.FMC_NAND_ECC_Disable), (26 bytes).
    Removing stm32f4xx_ll_fmc.o(i.FMC_NAND_ECC_Enable), (26 bytes).
    Removing stm32f4xx_ll_fmc.o(i.FMC_NAND_GetECC), (80 bytes).
    Removing stm32f4xx_ll_fmc.o(i.FMC_NAND_Init), (48 bytes).
    Removing stm32f4xx_ll_fmc.o(i.FMC_NORSRAM_DeInit), (50 bytes).
    Removing stm32f4xx_ll_fmc.o(i.FMC_NORSRAM_Extended_Timing_Init), (76 bytes).
    Removing stm32f4xx_ll_fmc.o(i.FMC_NORSRAM_Init), (100 bytes).
    Removing stm32f4xx_ll_fmc.o(i.FMC_NORSRAM_Timing_Init), (84 bytes).
    Removing stm32f4xx_ll_fmc.o(i.FMC_NORSRAM_WriteOperation_Disable), (16 bytes).
    Removing stm32f4xx_ll_fmc.o(i.FMC_NORSRAM_WriteOperation_Enable), (16 bytes).
    Removing stm32f4xx_ll_fmc.o(i.FMC_PCCARD_AttributeSpace_Timing_Init), (26 bytes).
    Removing stm32f4xx_ll_fmc.o(i.FMC_PCCARD_CommonSpace_Timing_Init), (26 bytes).
    Removing stm32f4xx_ll_fmc.o(i.FMC_PCCARD_DeInit), (30 bytes).
    Removing stm32f4xx_ll_fmc.o(i.FMC_PCCARD_IOSpace_Timing_Init), (26 bytes).
    Removing stm32f4xx_ll_fmc.o(i.FMC_PCCARD_Init), (24 bytes).
    Removing stm32f4xx_ll_fmc.o(i.FMC_SDRAM_DeInit), (30 bytes).
    Removing stm32f4xx_ll_fmc.o(i.FMC_SDRAM_GetModeStatus), (18 bytes).
    Removing stm32f4xx_ll_fmc.o(i.FMC_SDRAM_ProgramRefreshRate), (12 bytes).
    Removing stm32f4xx_ll_fmc.o(i.FMC_SDRAM_SendCommand), (74 bytes).
    Removing stm32f4xx_ll_fmc.o(i.FMC_SDRAM_SetAutoRefreshNumber), (12 bytes).
    Removing stm32f4xx_ll_fmc.o(i.FMC_SDRAM_WriteProtection_Disable), (16 bytes).
    Removing stm32f4xx_ll_fmc.o(i.FMC_SDRAM_WriteProtection_Enable), (16 bytes).
    Removing stm32f4xx_ll_sdmmc.o(.rev16_text), (4 bytes).
    Removing stm32f4xx_ll_sdmmc.o(.revsh_text), (4 bytes).
    Removing stm32f4xx_ll_sdmmc.o(i.SDIO_GetDataCounter), (4 bytes).
    Removing stm32f4xx_ll_sdmmc.o(i.SDIO_GetFIFOCount), (6 bytes).
    Removing stm32f4xx_ll_sdmmc.o(i.SDIO_PowerState_OFF), (8 bytes).
    Removing stm32f4xx_ll_sdmmc.o(i.SDIO_SetSDIOReadWaitMode), (12 bytes).
    Removing diskio.o(.rev16_text), (4 bytes).
    Removing diskio.o(.revsh_text), (4 bytes).
    Removing diskio.o(i.disk_initialize), (36 bytes).
    Removing diskio.o(i.disk_ioctl), (28 bytes).
    Removing diskio.o(i.disk_read), (32 bytes).
    Removing diskio.o(i.disk_status), (16 bytes).
    Removing diskio.o(i.disk_write), (32 bytes).
    Removing diskio.o(i.get_fattime), (4 bytes).
    Removing sd_diskio.o(.rev16_text), (4 bytes).
    Removing sd_diskio.o(.revsh_text), (4 bytes).
    Removing ff.o(.rev16_text), (4 bytes).
    Removing ff.o(.revsh_text), (4 bytes).
    Removing ff.o(i.check_fs), (96 bytes).
    Removing ff.o(i.chk_chr), (16 bytes).
    Removing ff.o(i.chk_lock), (108 bytes).
    Removing ff.o(i.clear_lock), (36 bytes).
    Removing ff.o(i.clmt_clust), (42 bytes).
    Removing ff.o(i.clust2sect), (30 bytes).
    Removing ff.o(i.create_chain), (172 bytes).
    Removing ff.o(i.create_name), (516 bytes).
    Removing ff.o(i.dec_lock), (60 bytes).
    Removing ff.o(i.dir_find), (324 bytes).
    Removing ff.o(i.dir_next), (288 bytes).
    Removing ff.o(i.dir_read), (260 bytes).
    Removing ff.o(i.dir_register), (480 bytes).
    Removing ff.o(i.dir_remove), (98 bytes).
    Removing ff.o(i.dir_sdi), (158 bytes).
    Removing ff.o(i.f_chmod), (112 bytes).
    Removing ff.o(i.f_close), (42 bytes).
    Removing ff.o(i.f_closedir), (36 bytes).
    Removing ff.o(i.f_getfree), (200 bytes).
    Removing ff.o(i.f_gets), (72 bytes).
    Removing ff.o(i.f_lseek), (644 bytes).
    Removing ff.o(i.f_mkdir), (386 bytes).
    Removing ff.o(i.f_mkfs), (1322 bytes).
    Removing ff.o(i.f_mount), (92 bytes).
    Removing ff.o(i.f_open), (464 bytes).
    Removing ff.o(i.f_opendir), (176 bytes).
    Removing ff.o(i.f_printf), (488 bytes).
    Removing ff.o(i.f_putc), (60 bytes).
    Removing ff.o(i.f_puts), (70 bytes).
    Removing ff.o(i.f_read), (398 bytes).
    Removing ff.o(i.f_readdir), (122 bytes).
    Removing ff.o(i.f_rename), (344 bytes).
    Removing ff.o(i.f_stat), (90 bytes).
    Removing ff.o(i.f_sync), (184 bytes).
    Removing ff.o(i.f_truncate), (216 bytes).
    Removing ff.o(i.f_unlink), (214 bytes).
    Removing ff.o(i.f_utime), (116 bytes).
    Removing ff.o(i.f_write), (472 bytes).
    Removing ff.o(i.find_volume), (600 bytes).
    Removing ff.o(i.follow_path), (114 bytes).
    Removing ff.o(i.gen_numname), (106 bytes).
    Removing ff.o(i.get_fat), (186 bytes).
    Removing ff.o(i.get_fileinfo), (196 bytes).
    Removing ff.o(i.get_ldnumber), (46 bytes).
    Removing ff.o(i.inc_lock), (160 bytes).
    Removing ff.o(i.ld_clust), (20 bytes).
    Removing ff.o(i.mem_cpy), (18 bytes).
    Removing ff.o(i.mem_set), (14 bytes).
    Removing ff.o(i.move_window), (50 bytes).
    Removing ff.o(i.put_fat), (254 bytes).
    Removing ff.o(i.putc_bfd), (70 bytes).
    Removing ff.o(i.remove_chain), (110 bytes).
    Removing ff.o(i.st_clust), (16 bytes).
    Removing ff.o(i.sum_sfn), (26 bytes).
    Removing ff.o(i.sync_fs), (182 bytes).
    Removing ff.o(i.sync_window), (90 bytes).
    Removing ff.o(i.validate), (48 bytes).
    Removing ff.o(.bss), (24 bytes).
    Removing ff.o(.constdata), (186 bytes).
    Removing ff.o(.data), (8 bytes).
    Removing ff_gen_drv.o(.rev16_text), (4 bytes).
    Removing ff_gen_drv.o(.revsh_text), (4 bytes).
    Removing ff_gen_drv.o(i.FATFS_GetAttachedDriversNbr), (12 bytes).
    Removing ff_gen_drv.o(i.FATFS_UnLinkDriver), (48 bytes).
    Removing ccsbcs.o(.rev16_text), (4 bytes).
    Removing ccsbcs.o(.revsh_text), (4 bytes).
    Removing ccsbcs.o(i.ff_convert), (56 bytes).
    Removing ccsbcs.o(i.ff_wtoupper), (36 bytes).
    Removing ccsbcs.o(.constdata), (1216 bytes).
    Removing syscall.o(.rev16_text), (4 bytes).
    Removing syscall.o(.revsh_text), (4 bytes).
    Removing syscall.o(i.ff_memalloc), (4 bytes).
    Removing syscall.o(i.ff_memfree), (4 bytes).

413 unused section(s) (total 40756 bytes) removed from the image.

==============================================================================

Image Symbol Table

    Local Symbols

    Symbol Name                              Value     Ov Type        Size  Object(Section)

    ../clib/microlib/init/entry.s            0x00000000   Number         0  entry10a.o ABSOLUTE
    ../clib/microlib/init/entry.s            0x00000000   Number         0  entry11b.o ABSOLUTE
    ../clib/microlib/init/entry.s            0x00000000   Number         0  entry11a.o ABSOLUTE
    ../clib/microlib/init/entry.s            0x00000000   Number         0  entry10b.o ABSOLUTE
    ../clib/microlib/init/entry.s            0x00000000   Number         0  entry8b.o ABSOLUTE
    ../clib/microlib/init/entry.s            0x00000000   Number         0  entry9b.o ABSOLUTE
    ../clib/microlib/init/entry.s            0x00000000   Number         0  entry9a.o ABSOLUTE
    ../clib/microlib/init/entry.s            0x00000000   Number         0  entry.o ABSOLUTE
    ../clib/microlib/init/entry.s            0x00000000   Number         0  entry7b.o ABSOLUTE
    ../clib/microlib/init/entry.s            0x00000000   Number         0  entry7a.o ABSOLUTE
    ../clib/microlib/init/entry.s            0x00000000   Number         0  entry5.o ABSOLUTE
    ../clib/microlib/init/entry.s            0x00000000   Number         0  entry8a.o ABSOLUTE
    ../clib/microlib/init/entry.s            0x00000000   Number         0  entry2.o ABSOLUTE
    ../clib/microlib/malloc/malloc.c         0x00000000   Number         0  malloc.o ABSOLUTE
    ../clib/microlib/malloc/malloc.c         0x00000000   Number         0  malloca.o ABSOLUTE
    ../clib/microlib/malloc/malloc.c         0x00000000   Number         0  mallocr.o ABSOLUTE
    ../clib/microlib/malloc/malloc.c         0x00000000   Number         0  mallocra.o ABSOLUTE
    ../clib/microlib/malloc/mvars.c          0x00000000   Number         0  mvars.o ABSOLUTE
    ../clib/microlib/string/memcpy.c         0x00000000   Number         0  memcpyb.o ABSOLUTE
    ../clib/microlib/string/memcpy.c         0x00000000   Number         0  memcpya.o ABSOLUTE
    ../clib/microlib/string/memset.c         0x00000000   Number         0  memseta.o ABSOLUTE
    ../clib/microlib/string/strlen.c         0x00000000   Number         0  strlen.o ABSOLUTE
    ..\..\Drivers\CMSIS\Device\ST\STM32F4xx\Source\Templates\arm\startup_stm32f429xx.s 0x00000000   Number         0  startup_stm32f429xx.o ABSOLUTE
    ..\..\Drivers\CMSIS\Device\ST\STM32F4xx\Source\Templates\system_stm32f4xx.c 0x00000000   Number         0  system_stm32f4xx.o ABSOLUTE
    ..\..\Drivers\STM32F4xx_HAL_Driver\Src\stm32f4xx_hal.c 0x00000000   Number         0  stm32f4xx_hal.o ABSOLUTE
    ..\..\Drivers\STM32F4xx_HAL_Driver\Src\stm32f4xx_hal_cortex.c 0x00000000   Number         0  stm32f4xx_hal_cortex.o ABSOLUTE
    ..\..\Drivers\STM32F4xx_HAL_Driver\Src\stm32f4xx_hal_dma.c 0x00000000   Number         0  stm32f4xx_hal_dma.o ABSOLUTE
    ..\..\Drivers\STM32F4xx_HAL_Driver\Src\stm32f4xx_hal_dma_ex.c 0x00000000   Number         0  stm32f4xx_hal_dma_ex.o ABSOLUTE
    ..\..\Drivers\STM32F4xx_HAL_Driver\Src\stm32f4xx_hal_flash.c 0x00000000   Number         0  stm32f4xx_hal_flash.o ABSOLUTE
    ..\..\Drivers\STM32F4xx_HAL_Driver\Src\stm32f4xx_hal_flash_ex.c 0x00000000   Number         0  stm32f4xx_hal_flash_ex.o ABSOLUTE
    ..\..\Drivers\STM32F4xx_HAL_Driver\Src\stm32f4xx_hal_flash_ramfunc.c 0x00000000   Number         0  stm32f4xx_hal_flash_ramfunc.o ABSOLUTE
    ..\..\Drivers\STM32F4xx_HAL_Driver\Src\stm32f4xx_hal_gpio.c 0x00000000   Number         0  stm32f4xx_hal_gpio.o ABSOLUTE
    ..\..\Drivers\STM32F4xx_HAL_Driver\Src\stm32f4xx_hal_iwdg.c 0x00000000   Number         0  stm32f4xx_hal_iwdg.o ABSOLUTE
    ..\..\Drivers\STM32F4xx_HAL_Driver\Src\stm32f4xx_hal_pwr.c 0x00000000   Number         0  stm32f4xx_hal_pwr.o ABSOLUTE
    ..\..\Drivers\STM32F4xx_HAL_Driver\Src\stm32f4xx_hal_pwr_ex.c 0x00000000   Number         0  stm32f4xx_hal_pwr_ex.o ABSOLUTE
    ..\..\Drivers\STM32F4xx_HAL_Driver\Src\stm32f4xx_hal_rcc.c 0x00000000   Number         0  stm32f4xx_hal_rcc.o ABSOLUTE
    ..\..\Drivers\STM32F4xx_HAL_Driver\Src\stm32f4xx_hal_rcc_ex.c 0x00000000   Number         0  stm32f4xx_hal_rcc_ex.o ABSOLUTE
    ..\..\Drivers\STM32F4xx_HAL_Driver\Src\stm32f4xx_hal_sd.c 0x00000000   Number         0  stm32f4xx_hal_sd.o ABSOLUTE
    ..\..\Drivers\STM32F4xx_HAL_Driver\Src\stm32f4xx_hal_sdram.c 0x00000000   Number         0  stm32f4xx_hal_sdram.o ABSOLUTE
    ..\..\Drivers\STM32F4xx_HAL_Driver\Src\stm32f4xx_hal_spi.c 0x00000000   Number         0  stm32f4xx_hal_spi.o ABSOLUTE
    ..\..\Drivers\STM32F4xx_HAL_Driver\Src\stm32f4xx_hal_uart.c 0x00000000   Number         0  stm32f4xx_hal_uart.o ABSOLUTE
    ..\..\Drivers\STM32F4xx_HAL_Driver\Src\stm32f4xx_ll_fmc.c 0x00000000   Number         0  stm32f4xx_ll_fmc.o ABSOLUTE
    ..\..\Drivers\STM32F4xx_HAL_Driver\Src\stm32f4xx_ll_sdmmc.c 0x00000000   Number         0  stm32f4xx_ll_sdmmc.o ABSOLUTE
    ..\..\Middlewares\Third_Party\FatFs\src\diskio.c 0x00000000   Number         0  diskio.o ABSOLUTE
    ..\..\Middlewares\Third_Party\FatFs\src\drivers\sd_diskio.c 0x00000000   Number         0  sd_diskio.o ABSOLUTE
    ..\..\Middlewares\Third_Party\FatFs\src\ff.c 0x00000000   Number         0  ff.o ABSOLUTE
    ..\..\Middlewares\Third_Party\FatFs\src\ff_gen_drv.c 0x00000000   Number         0  ff_gen_drv.o ABSOLUTE
    ..\..\Middlewares\Third_Party\FatFs\src\option\ccsbcs.c 0x00000000   Number         0  ccsbcs.o ABSOLUTE
    ..\..\Middlewares\Third_Party\FatFs\src\option\syscall.c 0x00000000   Number         0  syscall.o ABSOLUTE
    ..\..\Src\bsp_driver_sd.c                0x00000000   Number         0  bsp_driver_sd.o ABSOLUTE
    ..\..\Src\main.c                         0x00000000   Number         0  main.o ABSOLUTE
    ..\..\Src\stm32f4xx_hal_msp.c            0x00000000   Number         0  stm32f4xx_hal_msp.o ABSOLUTE
    ..\..\Src\stm32f4xx_it.c                 0x00000000   Number         0  stm32f4xx_it.o ABSOLUTE
    ..\\..\\Drivers\\CMSIS\\Device\\ST\\STM32F4xx\\Source\\Templates\\system_stm32f4xx.c 0x00000000   Number         0  system_stm32f4xx.o ABSOLUTE
    ..\\..\\Drivers\\STM32F4xx_HAL_Driver\\Src\\stm32f4xx_hal.c 0x00000000   Number         0  stm32f4xx_hal.o ABSOLUTE
    ..\\..\\Drivers\\STM32F4xx_HAL_Driver\\Src\\stm32f4xx_hal_cortex.c 0x00000000   Number         0  stm32f4xx_hal_cortex.o ABSOLUTE
    ..\\..\\Drivers\\STM32F4xx_HAL_Driver\\Src\\stm32f4xx_hal_dma.c 0x00000000   Number         0  stm32f4xx_hal_dma.o ABSOLUTE
    ..\\..\\Drivers\\STM32F4xx_HAL_Driver\\Src\\stm32f4xx_hal_dma_ex.c 0x00000000   Number         0  stm32f4xx_hal_dma_ex.o ABSOLUTE
    ..\\..\\Drivers\\STM32F4xx_HAL_Driver\\Src\\stm32f4xx_hal_flash.c 0x00000000   Number         0  stm32f4xx_hal_flash.o ABSOLUTE
    ..\\..\\Drivers\\STM32F4xx_HAL_Driver\\Src\\stm32f4xx_hal_flash_ex.c 0x00000000   Number         0  stm32f4xx_hal_flash_ex.o ABSOLUTE
    ..\\..\\Drivers\\STM32F4xx_HAL_Driver\\Src\\stm32f4xx_hal_flash_ramfunc.c 0x00000000   Number         0  stm32f4xx_hal_flash_ramfunc.o ABSOLUTE
    ..\\..\\Drivers\\STM32F4xx_HAL_Driver\\Src\\stm32f4xx_hal_gpio.c 0x00000000   Number         0  stm32f4xx_hal_gpio.o ABSOLUTE
    ..\\..\\Drivers\\STM32F4xx_HAL_Driver\\Src\\stm32f4xx_hal_iwdg.c 0x00000000   Number         0  stm32f4xx_hal_iwdg.o ABSOLUTE
    ..\\..\\Drivers\\STM32F4xx_HAL_Driver\\Src\\stm32f4xx_hal_pwr.c 0x00000000   Number         0  stm32f4xx_hal_pwr.o ABSOLUTE
    ..\\..\\Drivers\\STM32F4xx_HAL_Driver\\Src\\stm32f4xx_hal_pwr_ex.c 0x00000000   Number         0  stm32f4xx_hal_pwr_ex.o ABSOLUTE
    ..\\..\\Drivers\\STM32F4xx_HAL_Driver\\Src\\stm32f4xx_hal_rcc.c 0x00000000   Number         0  stm32f4xx_hal_rcc.o ABSOLUTE
    ..\\..\\Drivers\\STM32F4xx_HAL_Driver\\Src\\stm32f4xx_hal_rcc_ex.c 0x00000000   Number         0  stm32f4xx_hal_rcc_ex.o ABSOLUTE
    ..\\..\\Drivers\\STM32F4xx_HAL_Driver\\Src\\stm32f4xx_hal_sd.c 0x00000000   Number         0  stm32f4xx_hal_sd.o ABSOLUTE
    ..\\..\\Drivers\\STM32F4xx_HAL_Driver\\Src\\stm32f4xx_hal_sdram.c 0x00000000   Number         0  stm32f4xx_hal_sdram.o ABSOLUTE
    ..\\..\\Drivers\\STM32F4xx_HAL_Driver\\Src\\stm32f4xx_hal_spi.c 0x00000000   Number         0  stm32f4xx_hal_spi.o ABSOLUTE
    ..\\..\\Drivers\\STM32F4xx_HAL_Driver\\Src\\stm32f4xx_hal_uart.c 0x00000000   Number         0  stm32f4xx_hal_uart.o ABSOLUTE
    ..\\..\\Drivers\\STM32F4xx_HAL_Driver\\Src\\stm32f4xx_ll_fmc.c 0x00000000   Number         0  stm32f4xx_ll_fmc.o ABSOLUTE
    ..\\..\\Drivers\\STM32F4xx_HAL_Driver\\Src\\stm32f4xx_ll_sdmmc.c 0x00000000   Number         0  stm32f4xx_ll_sdmmc.o ABSOLUTE
    ..\\..\\Middlewares\\Third_Party\\FatFs\\src\\diskio.c 0x00000000   Number         0  diskio.o ABSOLUTE
    ..\\..\\Middlewares\\Third_Party\\FatFs\\src\\drivers\\sd_diskio.c 0x00000000   Number         0  sd_diskio.o ABSOLUTE
    ..\\..\\Middlewares\\Third_Party\\FatFs\\src\\ff.c 0x00000000   Number         0  ff.o ABSOLUTE
    ..\\..\\Middlewares\\Third_Party\\FatFs\\src\\ff_gen_drv.c 0x00000000   Number         0  ff_gen_drv.o ABSOLUTE
    ..\\..\\Middlewares\\Third_Party\\FatFs\\src\\option\\ccsbcs.c 0x00000000   Number         0  ccsbcs.o ABSOLUTE
    ..\\..\\Middlewares\\Third_Party\\FatFs\\src\\option\\syscall.c 0x00000000   Number         0  syscall.o ABSOLUTE
    ..\\..\\Src\\bsp_driver_sd.c             0x00000000   Number         0  bsp_driver_sd.o ABSOLUTE
    ..\\..\\Src\\main.c                      0x00000000   Number         0  main.o ABSOLUTE
    ..\\..\\Src\\stm32f4xx_hal_msp.c         0x00000000   Number         0  stm32f4xx_hal_msp.o ABSOLUTE
    ..\\..\\Src\\stm32f4xx_it.c              0x00000000   Number         0  stm32f4xx_it.o ABSOLUTE
    FT800.c                                  0x00000000   Number         0  ft800.o ABSOLUTE
    dc.s                                     0x00000000   Number         0  dc.o ABSOLUTE
    handlers.s                               0x00000000   Number         0  handlers.o ABSOLUTE
    init.s                                   0x00000000   Number         0  init.o ABSOLUTE
    RESET                                    0x08000000   Section      428  startup_stm32f429xx.o(RESET)
    .ARM.Collect$$$$00000000                 0x080001ac   Section        0  entry.o(.ARM.Collect$$$$00000000)
    .ARM.Collect$$$$00000001                 0x080001ac   Section        4  entry2.o(.ARM.Collect$$$$00000001)
    .ARM.Collect$$$$00000004                 0x080001b0   Section        4  entry5.o(.ARM.Collect$$$$00000004)
    .ARM.Collect$$$$00000008                 0x080001b4   Section        0  entry7b.o(.ARM.Collect$$$$00000008)
    .ARM.Collect$$$$0000000A                 0x080001b4   Section        0  entry8b.o(.ARM.Collect$$$$0000000A)
    .ARM.Collect$$$$0000000B                 0x080001b4   Section        8  entry9a.o(.ARM.Collect$$$$0000000B)
    .ARM.Collect$$$$0000000D                 0x080001bc   Section        0  entry10a.o(.ARM.Collect$$$$0000000D)
    .ARM.Collect$$$$0000000F                 0x080001bc   Section        0  entry11a.o(.ARM.Collect$$$$0000000F)
    .ARM.Collect$$$$00002712                 0x080001bc   Section        4  entry2.o(.ARM.Collect$$$$00002712)
    __lit__00000000                          0x080001bc   Data           4  entry2.o(.ARM.Collect$$$$00002712)
    .text                                    0x080001c0   Section       36  startup_stm32f429xx.o(.text)
    $v0                                      0x080001c0   Number         0  startup_stm32f429xx.o(.text)
    .text                                    0x080001e4   Section        0  strlen.o(.text)
    .text                                    0x080001f4   Section       36  init.o(.text)
    i.BSP_SD_GetCardInfo                     0x08000218   Section        0  bsp_driver_sd.o(i.BSP_SD_GetCardInfo)
    i.BSP_SD_GetStatus                       0x08000224   Section        0  bsp_driver_sd.o(i.BSP_SD_GetStatus)
    i.BSP_SD_Init                            0x08000230   Section        0  bsp_driver_sd.o(i.BSP_SD_Init)
    i.BSP_SD_ReadBlocks                      0x08000280   Section        0  bsp_driver_sd.o(i.BSP_SD_ReadBlocks)
    i.BSP_SD_WriteBlocks                     0x080002a0   Section        0  bsp_driver_sd.o(i.BSP_SD_WriteBlocks)
    i.FATFS_LinkDriver                       0x080002c0   Section        0  ff_gen_drv.o(i.FATFS_LinkDriver)
    i.FMC_SDRAM_Init                         0x080002f8   Section        0  stm32f4xx_ll_fmc.o(i.FMC_SDRAM_Init)
    i.FMC_SDRAM_Timing_Init                  0x08000332   Section        0  stm32f4xx_ll_fmc.o(i.FMC_SDRAM_Timing_Init)
    i.HAL_Delay                              0x08000396   Section        0  stm32f4xx_hal.o(i.HAL_Delay)
    i.HAL_FMC_MspInit                        0x080003ac   Section        0  stm32f4xx_hal_msp.o(i.HAL_FMC_MspInit)
    HAL_FMC_MspInit                          0x080003ad   Thumb Code   162  stm32f4xx_hal_msp.o(i.HAL_FMC_MspInit)
    i.HAL_GPIO_Init                          0x08000470   Section        0  stm32f4xx_hal_gpio.o(i.HAL_GPIO_Init)
    i.HAL_GPIO_WritePin                      0x08000634   Section        0  stm32f4xx_hal_gpio.o(i.HAL_GPIO_WritePin)
    i.HAL_GetTick                            0x08000640   Section        0  stm32f4xx_hal.o(i.HAL_GetTick)
    i.HAL_IWDG_Init                          0x0800064c   Section        0  stm32f4xx_hal_iwdg.o(i.HAL_IWDG_Init)
    i.HAL_IWDG_MspInit                       0x08000692   Section        0  stm32f4xx_hal_msp.o(i.HAL_IWDG_MspInit)
    i.HAL_IncTick                            0x08000694   Section        0  stm32f4xx_hal.o(i.HAL_IncTick)
    i.HAL_Init                               0x080006a4   Section        0  stm32f4xx_hal.o(i.HAL_Init)
    i.HAL_InitTick                           0x080006d8   Section        0  stm32f4xx_hal.o(i.HAL_InitTick)
    i.HAL_MspInit                            0x080006fa   Section        0  stm32f4xx_hal.o(i.HAL_MspInit)
    i.HAL_NVIC_SetPriority                   0x080006fc   Section        0  stm32f4xx_hal_cortex.o(i.HAL_NVIC_SetPriority)
    i.HAL_NVIC_SetPriorityGrouping           0x0800073c   Section        0  stm32f4xx_hal_cortex.o(i.HAL_NVIC_SetPriorityGrouping)
    i.HAL_RCC_GetHCLKFreq                    0x08000760   Section        0  stm32f4xx_hal_rcc.o(i.HAL_RCC_GetHCLKFreq)
    i.HAL_RCC_GetPCLK1Freq                   0x08000794   Section        0  stm32f4xx_hal_rcc.o(i.HAL_RCC_GetPCLK1Freq)
    i.HAL_RCC_GetPCLK2Freq                   0x080007c0   Section        0  stm32f4xx_hal_rcc.o(i.HAL_RCC_GetPCLK2Freq)
    i.HAL_RCC_GetSysClockFreq                0x080007ec   Section        0  stm32f4xx_hal_rcc.o(i.HAL_RCC_GetSysClockFreq)
    i.HAL_RCC_OscConfig                      0x0800086c   Section        0  stm32f4xx_hal_rcc.o(i.HAL_RCC_OscConfig)
    i.HAL_SDRAM_Init                         0x08000ba4   Section        0  stm32f4xx_hal_sdram.o(i.HAL_SDRAM_Init)
    i.HAL_SDRAM_MspInit                      0x08000be0   Section        0  stm32f4xx_hal_msp.o(i.HAL_SDRAM_MspInit)
    i.HAL_SD_GetCardStatus                   0x08000be4   Section        0  stm32f4xx_hal_sd.o(i.HAL_SD_GetCardStatus)
    i.HAL_SD_GetStatus                       0x08000c56   Section        0  stm32f4xx_hal_sd.o(i.HAL_SD_GetStatus)
    i.HAL_SD_Get_CardInfo                    0x08000ca4   Section        0  stm32f4xx_hal_sd.o(i.HAL_SD_Get_CardInfo)
    i.HAL_SD_Init                            0x08000f52   Section        0  stm32f4xx_hal_sd.o(i.HAL_SD_Init)
    i.HAL_SD_MspInit                         0x08000ff0   Section        0  stm32f4xx_hal_msp.o(i.HAL_SD_MspInit)
    i.HAL_SD_ReadBlocks                      0x0800104c   Section        0  stm32f4xx_hal_sd.o(i.HAL_SD_ReadBlocks)
    i.HAL_SD_SendSDStatus                    0x080011c8   Section        0  stm32f4xx_hal_sd.o(i.HAL_SD_SendSDStatus)
    i.HAL_SD_StopTransfer                    0x080012f0   Section        0  stm32f4xx_hal_sd.o(i.HAL_SD_StopTransfer)
    i.HAL_SD_WideBusOperation_Config         0x0800131c   Section        0  stm32f4xx_hal_sd.o(i.HAL_SD_WideBusOperation_Config)
    i.HAL_SD_WriteBlocks                     0x0800137c   Section        0  stm32f4xx_hal_sd.o(i.HAL_SD_WriteBlocks)
    i.HAL_SPI_Init                           0x08001554   Section        0  stm32f4xx_hal_spi.o(i.HAL_SPI_Init)
    i.HAL_SPI_MspInit                        0x080015d8   Section        0  stm32f4xx_hal_msp.o(i.HAL_SPI_MspInit)
    i.HAL_SPI_Receive                        0x0800162c   Section        0  stm32f4xx_hal_spi.o(i.HAL_SPI_Receive)
    i.HAL_SPI_Transmit                       0x08001802   Section        0  stm32f4xx_hal_spi.o(i.HAL_SPI_Transmit)
    i.HAL_SPI_TransmitReceive                0x08001948   Section        0  stm32f4xx_hal_spi.o(i.HAL_SPI_TransmitReceive)
    i.HAL_SYSTICK_Callback                   0x08001bf8   Section        0  stm32f4xx_hal_cortex.o(i.HAL_SYSTICK_Callback)
    i.HAL_SYSTICK_Config                     0x08001bfa   Section        0  stm32f4xx_hal_cortex.o(i.HAL_SYSTICK_Config)
    i.HAL_SYSTICK_IRQHandler                 0x08001c22   Section        0  stm32f4xx_hal_cortex.o(i.HAL_SYSTICK_IRQHandler)
    i.HAL_UART_Init                          0x08001c2a   Section        0  stm32f4xx_hal_uart.o(i.HAL_UART_Init)
    i.HAL_UART_MspInit                       0x08001c88   Section        0  stm32f4xx_hal_msp.o(i.HAL_UART_MspInit)
    i.MX_FMC_Init                            0x08001ccc   Section        0  main.o(i.MX_FMC_Init)
    MX_FMC_Init                              0x08001ccd   Thumb Code    64  main.o(i.MX_FMC_Init)
    i.MX_GPIO_Init                           0x08001d14   Section        0  main.o(i.MX_GPIO_Init)
    MX_GPIO_Init                             0x08001d15   Thumb Code   196  main.o(i.MX_GPIO_Init)
    i.MX_SPI1_Init                           0x08001df0   Section        0  main.o(i.MX_SPI1_Init)
    MX_SPI1_Init                             0x08001df1   Thumb Code    40  main.o(i.MX_SPI1_Init)
    i.NVIC_SetPriority                       0x08001e20   Section        0  stm32f4xx_hal_cortex.o(i.NVIC_SetPriority)
    NVIC_SetPriority                         0x08001e21   Thumb Code    32  stm32f4xx_hal_cortex.o(i.NVIC_SetPriority)
    i.SDIO_DataConfig                        0x08001e40   Section        0  stm32f4xx_ll_sdmmc.o(i.SDIO_DataConfig)
    i.SDIO_GetCommandResponse                0x08001e64   Section        0  stm32f4xx_ll_sdmmc.o(i.SDIO_GetCommandResponse)
    i.SDIO_GetPowerState                     0x08001e6a   Section        0  stm32f4xx_ll_sdmmc.o(i.SDIO_GetPowerState)
    i.SDIO_GetResponse                       0x08001e74   Section        0  stm32f4xx_ll_sdmmc.o(i.SDIO_GetResponse)
    i.SDIO_Init                              0x08001e84   Section        0  stm32f4xx_ll_sdmmc.o(i.SDIO_Init)
    i.SDIO_PowerState_ON                     0x08001ea8   Section        0  stm32f4xx_ll_sdmmc.o(i.SDIO_PowerState_ON)
    i.SDIO_ReadFIFO                          0x08001eb0   Section        0  stm32f4xx_ll_sdmmc.o(i.SDIO_ReadFIFO)
    i.SDIO_SendCommand                       0x08001eb6   Section        0  stm32f4xx_ll_sdmmc.o(i.SDIO_SendCommand)
    i.SDIO_WriteFIFO                         0x08001ed6   Section        0  stm32f4xx_ll_sdmmc.o(i.SDIO_WriteFIFO)
    i.SD_CmdResp1Error                       0x08001ee0   Section        0  stm32f4xx_hal_sd.o(i.SD_CmdResp1Error)
    SD_CmdResp1Error                         0x08001ee1   Thumb Code   230  stm32f4xx_hal_sd.o(i.SD_CmdResp1Error)
    i.SD_CmdResp2Error                       0x08001fcc   Section        0  stm32f4xx_hal_sd.o(i.SD_CmdResp2Error)
    SD_CmdResp2Error                         0x08001fcd   Thumb Code    46  stm32f4xx_hal_sd.o(i.SD_CmdResp2Error)
    i.SD_CmdResp6Error                       0x08001ffa   Section        0  stm32f4xx_hal_sd.o(i.SD_CmdResp6Error)
    SD_CmdResp6Error                         0x08001ffb   Thumb Code   114  stm32f4xx_hal_sd.o(i.SD_CmdResp6Error)
    i.SD_CmdResp7Error                       0x0800206c   Section        0  stm32f4xx_hal_sd.o(i.SD_CmdResp7Error)
    SD_CmdResp7Error                         0x0800206d   Thumb Code    64  stm32f4xx_hal_sd.o(i.SD_CmdResp7Error)
    i.SD_FindSCR                             0x080020ac   Section        0  stm32f4xx_hal_sd.o(i.SD_FindSCR)
    SD_FindSCR                               0x080020ad   Thumb Code   266  stm32f4xx_hal_sd.o(i.SD_FindSCR)
    i.SD_Initialize_Cards                    0x080021b6   Section        0  stm32f4xx_hal_sd.o(i.SD_Initialize_Cards)
    SD_Initialize_Cards                      0x080021b7   Thumb Code   220  stm32f4xx_hal_sd.o(i.SD_Initialize_Cards)
    i.SD_IsCardProgramming                   0x08002294   Section        0  stm32f4xx_hal_sd.o(i.SD_IsCardProgramming)
    SD_IsCardProgramming                     0x08002295   Thumb Code   310  stm32f4xx_hal_sd.o(i.SD_IsCardProgramming)
    i.SD_PowerON                             0x080023d0   Section        0  stm32f4xx_hal_sd.o(i.SD_PowerON)
    SD_PowerON                               0x080023d1   Thumb Code   360  stm32f4xx_hal_sd.o(i.SD_PowerON)
    i.SD_WideBus_Disable                     0x08002540   Section        0  stm32f4xx_hal_sd.o(i.SD_WideBus_Disable)
    SD_WideBus_Disable                       0x08002541   Thumb Code   114  stm32f4xx_hal_sd.o(i.SD_WideBus_Disable)
    i.SD_WideBus_Enable                      0x080025b2   Section        0  stm32f4xx_hal_sd.o(i.SD_WideBus_Enable)
    SD_WideBus_Enable                        0x080025b3   Thumb Code   116  stm32f4xx_hal_sd.o(i.SD_WideBus_Enable)
    i.SD_initialize                          0x08002628   Section        0  sd_diskio.o(i.SD_initialize)
    i.SD_ioctl                               0x08002648   Section        0  sd_diskio.o(i.SD_ioctl)
    i.SD_read                                0x08002698   Section        0  sd_diskio.o(i.SD_read)
    i.SD_status                              0x080026b4   Section        0  sd_diskio.o(i.SD_status)
    i.SD_write                               0x080026d4   Section        0  sd_diskio.o(i.SD_write)
    i.SPI_WaitOnFlagUntilTimeout             0x080026f0   Section        0  stm32f4xx_hal_spi.o(i.SPI_WaitOnFlagUntilTimeout)
    SPI_WaitOnFlagUntilTimeout               0x080026f1   Thumb Code   158  stm32f4xx_hal_spi.o(i.SPI_WaitOnFlagUntilTimeout)
    i.SysTick_Handler                        0x0800278e   Section        0  stm32f4xx_it.o(i.SysTick_Handler)
    i.SystemClock_Config                     0x0800279c   Section        0  main.o(i.SystemClock_Config)
    i.SystemInit                             0x080027b8   Section        0  system_stm32f4xx.o(i.SystemInit)
    i.UART_SetConfig                         0x0800280c   Section        0  stm32f4xx_hal_uart.o(i.UART_SetConfig)
    UART_SetConfig                           0x0800280d   Thumb Code   366  stm32f4xx_hal_uart.o(i.UART_SetConfig)
    i.__scatterload_copy                     0x08002984   Section       14  handlers.o(i.__scatterload_copy)
    i.__scatterload_null                     0x08002992   Section        2  handlers.o(i.__scatterload_null)
    i.__scatterload_zeroinit                 0x08002994   Section       14  handlers.o(i.__scatterload_zeroinit)
    i.drawGauge                              0x080029a4   Section        0  main.o(i.drawGauge)
    i.drawText                               0x08002a78   Section        0  main.o(i.drawText)
    i.ft800cmdWrite                          0x08002b20   Section        0  main.o(i.ft800cmdWrite)
    ft800cmdWrite                            0x08002b21   Thumb Code    70  main.o(i.ft800cmdWrite)
    i.ft800memRead16                         0x08002b70   Section        0  main.o(i.ft800memRead16)
    i.ft800memRead8                          0x08002bdc   Section        0  main.o(i.ft800memRead8)
    i.ft800memWrite16                        0x08002c4c   Section        0  main.o(i.ft800memWrite16)
    ft800memWrite16                          0x08002c4d   Thumb Code    98  main.o(i.ft800memWrite16)
    i.ft800memWrite32                        0x08002cb8   Section        0  main.o(i.ft800memWrite32)
    ft800memWrite32                          0x08002cb9   Thumb Code   110  main.o(i.ft800memWrite32)
    i.ft800memWrite8                         0x08002d30   Section        0  main.o(i.ft800memWrite8)
    ft800memWrite8                           0x08002d31   Thumb Code    80  main.o(i.ft800memWrite8)
    i.incCMDOffset                           0x08002d88   Section        0  main.o(i.incCMDOffset)
    i.main                                   0x08002d98   Section        0  main.o(i.main)
    .constdata                               0x0800312c   Section       16  stm32f4xx_hal_rcc.o(.constdata)
    .data                                    0x20000000   Section       72  main.o(.data)
    .data                                    0x20000048   Section        8  stm32f4xx_hal_msp.o(.data)
    FMC_Initialized                          0x20000048   Data           4  stm32f4xx_hal_msp.o(.data)
    FMC_DeInitialized                        0x2000004c   Data           4  stm32f4xx_hal_msp.o(.data)
    .data                                    0x20000050   Section       20  system_stm32f4xx.o(.data)
    .data                                    0x20000064   Section        4  stm32f4xx_hal.o(.data)
    uwTick                                   0x20000064   Data           4  stm32f4xx_hal.o(.data)
    .data                                    0x20000068   Section        1  sd_diskio.o(.data)
    Stat                                     0x20000068   Data           1  sd_diskio.o(.data)
    .data                                    0x2000006c   Section       20  sd_diskio.o(.data)
    .bss                                     0x20000080   Section      396  main.o(.bss)
    .bss                                     0x2000020c   Section       12  ff_gen_drv.o(.bss)
    STACK                                    0x20000218   Section     1024  startup_stm32f429xx.o(STACK)

    Global Symbols

    Symbol Name                              Value     Ov Type        Size  Object(Section)

    BuildAttributes$$THM_ISAv4$E$P$D$K$B$S$7EM$VFPi3$EXTD16$VFPS$VFMA$PE$A:L22UL41UL21$X:L11$S22US41US21$IEEE1$IW$USESV6$~STKCKD$USESV7$~SHL$OSPACE$EBA8$MICROLIB$REQ8$PRES8$EABIv2 0x00000000   Number         0  anon$$obj.o ABSOLUTE
    __ARM_use_no_argv                        0x00000000   Number         0  main.o ABSOLUTE
    __cpp_initialize__aeabi_                  - Undefined Weak Reference
    __cxa_finalize                            - Undefined Weak Reference
    __decompress                              - Undefined Weak Reference
    _clock_init                               - Undefined Weak Reference
    _microlib_exit                            - Undefined Weak Reference
    __Vectors_Size                           0x000001ac   Number         0  startup_stm32f429xx.o ABSOLUTE
    __Vectors                                0x08000000   Data           4  startup_stm32f429xx.o(RESET)
    __Vectors_End                            0x080001ac   Data           0  startup_stm32f429xx.o(RESET)
    __main                                   0x080001ad   Thumb Code     0  entry.o(.ARM.Collect$$$$00000000)
    _main_stk                                0x080001ad   Thumb Code     0  entry2.o(.ARM.Collect$$$$00000001)
    _main_scatterload                        0x080001b1   Thumb Code     0  entry5.o(.ARM.Collect$$$$00000004)
    __main_after_scatterload                 0x080001b5   Thumb Code     0  entry5.o(.ARM.Collect$$$$00000004)
    _main_clock                              0x080001b5   Thumb Code     0  entry7b.o(.ARM.Collect$$$$00000008)
    _main_cpp_init                           0x080001b5   Thumb Code     0  entry8b.o(.ARM.Collect$$$$0000000A)
    _main_init                               0x080001b5   Thumb Code     0  entry9a.o(.ARM.Collect$$$$0000000B)
    __rt_final_cpp                           0x080001bd   Thumb Code     0  entry10a.o(.ARM.Collect$$$$0000000D)
    __rt_final_exit                          0x080001bd   Thumb Code     0  entry11a.o(.ARM.Collect$$$$0000000F)
    Reset_Handler                            0x080001c1   Thumb Code     8  startup_stm32f429xx.o(.text)
    NMI_Handler                              0x080001c9   Thumb Code     2  startup_stm32f429xx.o(.text)
    HardFault_Handler                        0x080001cb   Thumb Code     2  startup_stm32f429xx.o(.text)
    MemManage_Handler                        0x080001cd   Thumb Code     2  startup_stm32f429xx.o(.text)
    BusFault_Handler                         0x080001cf   Thumb Code     2  startup_stm32f429xx.o(.text)
    UsageFault_Handler                       0x080001d1   Thumb Code     2  startup_stm32f429xx.o(.text)
    SVC_Handler                              0x080001d3   Thumb Code     2  startup_stm32f429xx.o(.text)
    DebugMon_Handler                         0x080001d5   Thumb Code     2  startup_stm32f429xx.o(.text)
    PendSV_Handler                           0x080001d7   Thumb Code     2  startup_stm32f429xx.o(.text)
    ADC_IRQHandler                           0x080001db   Thumb Code     0  startup_stm32f429xx.o(.text)
    CAN1_RX0_IRQHandler                      0x080001db   Thumb Code     0  startup_stm32f429xx.o(.text)
    CAN1_RX1_IRQHandler                      0x080001db   Thumb Code     0  startup_stm32f429xx.o(.text)
    CAN1_SCE_IRQHandler                      0x080001db   Thumb Code     0  startup_stm32f429xx.o(.text)
    CAN1_TX_IRQHandler                       0x080001db   Thumb Code     0  startup_stm32f429xx.o(.text)
    CAN2_RX0_IRQHandler                      0x080001db   Thumb Code     0  startup_stm32f429xx.o(.text)
    CAN2_RX1_IRQHandler                      0x080001db   Thumb Code     0  startup_stm32f429xx.o(.text)
    CAN2_SCE_IRQHandler                      0x080001db   Thumb Code     0  startup_stm32f429xx.o(.text)
    CAN2_TX_IRQHandler                       0x080001db   Thumb Code     0  startup_stm32f429xx.o(.text)
    DCMI_IRQHandler                          0x080001db   Thumb Code     0  startup_stm32f429xx.o(.text)
    DMA1_Stream0_IRQHandler                  0x080001db   Thumb Code     0  startup_stm32f429xx.o(.text)
    DMA1_Stream1_IRQHandler                  0x080001db   Thumb Code     0  startup_stm32f429xx.o(.text)
    DMA1_Stream2_IRQHandler                  0x080001db   Thumb Code     0  startup_stm32f429xx.o(.text)
    DMA1_Stream3_IRQHandler                  0x080001db   Thumb Code     0  startup_stm32f429xx.o(.text)
    DMA1_Stream4_IRQHandler                  0x080001db   Thumb Code     0  startup_stm32f429xx.o(.text)
    DMA1_Stream5_IRQHandler                  0x080001db   Thumb Code     0  startup_stm32f429xx.o(.text)
    DMA1_Stream6_IRQHandler                  0x080001db   Thumb Code     0  startup_stm32f429xx.o(.text)
    DMA1_Stream7_IRQHandler                  0x080001db   Thumb Code     0  startup_stm32f429xx.o(.text)
    DMA2D_IRQHandler                         0x080001db   Thumb Code     0  startup_stm32f429xx.o(.text)
    DMA2_Stream0_IRQHandler                  0x080001db   Thumb Code     0  startup_stm32f429xx.o(.text)
    DMA2_Stream1_IRQHandler                  0x080001db   Thumb Code     0  startup_stm32f429xx.o(.text)
    DMA2_Stream2_IRQHandler                  0x080001db   Thumb Code     0  startup_stm32f429xx.o(.text)
    DMA2_Stream3_IRQHandler                  0x080001db   Thumb Code     0  startup_stm32f429xx.o(.text)
    DMA2_Stream4_IRQHandler                  0x080001db   Thumb Code     0  startup_stm32f429xx.o(.text)
    DMA2_Stream5_IRQHandler                  0x080001db   Thumb Code     0  startup_stm32f429xx.o(.text)
    DMA2_Stream6_IRQHandler                  0x080001db   Thumb Code     0  startup_stm32f429xx.o(.text)
    DMA2_Stream7_IRQHandler                  0x080001db   Thumb Code     0  startup_stm32f429xx.o(.text)
    ETH_IRQHandler                           0x080001db   Thumb Code     0  startup_stm32f429xx.o(.text)
    ETH_WKUP_IRQHandler                      0x080001db   Thumb Code     0  startup_stm32f429xx.o(.text)
    EXTI0_IRQHandler                         0x080001db   Thumb Code     0  startup_stm32f429xx.o(.text)
    EXTI15_10_IRQHandler                     0x080001db   Thumb Code     0  startup_stm32f429xx.o(.text)
    EXTI1_IRQHandler                         0x080001db   Thumb Code     0  startup_stm32f429xx.o(.text)
    EXTI2_IRQHandler                         0x080001db   Thumb Code     0  startup_stm32f429xx.o(.text)
    EXTI3_IRQHandler                         0x080001db   Thumb Code     0  startup_stm32f429xx.o(.text)
    EXTI4_IRQHandler                         0x080001db   Thumb Code     0  startup_stm32f429xx.o(.text)
    EXTI9_5_IRQHandler                       0x080001db   Thumb Code     0  startup_stm32f429xx.o(.text)
    FLASH_IRQHandler                         0x080001db   Thumb Code     0  startup_stm32f429xx.o(.text)
    FMC_IRQHandler                           0x080001db   Thumb Code     0  startup_stm32f429xx.o(.text)
    FPU_IRQHandler                           0x080001db   Thumb Code     0  startup_stm32f429xx.o(.text)
    HASH_RNG_IRQHandler                      0x080001db   Thumb Code     0  startup_stm32f429xx.o(.text)
    I2C1_ER_IRQHandler                       0x080001db   Thumb Code     0  startup_stm32f429xx.o(.text)
    I2C1_EV_IRQHandler                       0x080001db   Thumb Code     0  startup_stm32f429xx.o(.text)
    I2C2_ER_IRQHandler                       0x080001db   Thumb Code     0  startup_stm32f429xx.o(.text)
    I2C2_EV_IRQHandler                       0x080001db   Thumb Code     0  startup_stm32f429xx.o(.text)
    I2C3_ER_IRQHandler                       0x080001db   Thumb Code     0  startup_stm32f429xx.o(.text)
    I2C3_EV_IRQHandler                       0x080001db   Thumb Code     0  startup_stm32f429xx.o(.text)
    LTDC_ER_IRQHandler                       0x080001db   Thumb Code     0  startup_stm32f429xx.o(.text)
    LTDC_IRQHandler                          0x080001db   Thumb Code     0  startup_stm32f429xx.o(.text)
    OTG_FS_IRQHandler                        0x080001db   Thumb Code     0  startup_stm32f429xx.o(.text)
    OTG_FS_WKUP_IRQHandler                   0x080001db   Thumb Code     0  startup_stm32f429xx.o(.text)
    OTG_HS_EP1_IN_IRQHandler                 0x080001db   Thumb Code     0  startup_stm32f429xx.o(.text)
    OTG_HS_EP1_OUT_IRQHandler                0x080001db   Thumb Code     0  startup_stm32f429xx.o(.text)
    OTG_HS_IRQHandler                        0x080001db   Thumb Code     0  startup_stm32f429xx.o(.text)
    OTG_HS_WKUP_IRQHandler                   0x080001db   Thumb Code     0  startup_stm32f429xx.o(.text)
    PVD_IRQHandler                           0x080001db   Thumb Code     0  startup_stm32f429xx.o(.text)
    RCC_IRQHandler                           0x080001db   Thumb Code     0  startup_stm32f429xx.o(.text)
    RTC_Alarm_IRQHandler                     0x080001db   Thumb Code     0  startup_stm32f429xx.o(.text)
    RTC_WKUP_IRQHandler                      0x080001db   Thumb Code     0  startup_stm32f429xx.o(.text)
    SAI1_IRQHandler                          0x080001db   Thumb Code     0  startup_stm32f429xx.o(.text)
    SDIO_IRQHandler                          0x080001db   Thumb Code     0  startup_stm32f429xx.o(.text)
    SPI1_IRQHandler                          0x080001db   Thumb Code     0  startup_stm32f429xx.o(.text)
    SPI2_IRQHandler                          0x080001db   Thumb Code     0  startup_stm32f429xx.o(.text)
    SPI3_IRQHandler                          0x080001db   Thumb Code     0  startup_stm32f429xx.o(.text)
    SPI4_IRQHandler                          0x080001db   Thumb Code     0  startup_stm32f429xx.o(.text)
    SPI5_IRQHandler                          0x080001db   Thumb Code     0  startup_stm32f429xx.o(.text)
    SPI6_IRQHandler                          0x080001db   Thumb Code     0  startup_stm32f429xx.o(.text)
    TAMP_STAMP_IRQHandler                    0x080001db   Thumb Code     0  startup_stm32f429xx.o(.text)
    TIM1_BRK_TIM9_IRQHandler                 0x080001db   Thumb Code     0  startup_stm32f429xx.o(.text)
    TIM1_CC_IRQHandler                       0x080001db   Thumb Code     0  startup_stm32f429xx.o(.text)
    TIM1_TRG_COM_TIM11_IRQHandler            0x080001db   Thumb Code     0  startup_stm32f429xx.o(.text)
    TIM1_UP_TIM10_IRQHandler                 0x080001db   Thumb Code     0  startup_stm32f429xx.o(.text)
    TIM2_IRQHandler                          0x080001db   Thumb Code     0  startup_stm32f429xx.o(.text)
    TIM3_IRQHandler                          0x080001db   Thumb Code     0  startup_stm32f429xx.o(.text)
    TIM4_IRQHandler                          0x080001db   Thumb Code     0  startup_stm32f429xx.o(.text)
    TIM5_IRQHandler                          0x080001db   Thumb Code     0  startup_stm32f429xx.o(.text)
    TIM6_DAC_IRQHandler                      0x080001db   Thumb Code     0  startup_stm32f429xx.o(.text)
    TIM7_IRQHandler                          0x080001db   Thumb Code     0  startup_stm32f429xx.o(.text)
    TIM8_BRK_TIM12_IRQHandler                0x080001db   Thumb Code     0  startup_stm32f429xx.o(.text)
    TIM8_CC_IRQHandler                       0x080001db   Thumb Code     0  startup_stm32f429xx.o(.text)
    TIM8_TRG_COM_TIM14_IRQHandler            0x080001db   Thumb Code     0  startup_stm32f429xx.o(.text)
    TIM8_UP_TIM13_IRQHandler                 0x080001db   Thumb Code     0  startup_stm32f429xx.o(.text)
    UART4_IRQHandler                         0x080001db   Thumb Code     0  startup_stm32f429xx.o(.text)
    UART5_IRQHandler                         0x080001db   Thumb Code     0  startup_stm32f429xx.o(.text)
    UART7_IRQHandler                         0x080001db   Thumb Code     0  startup_stm32f429xx.o(.text)
    UART8_IRQHandler                         0x080001db   Thumb Code     0  startup_stm32f429xx.o(.text)
    USART1_IRQHandler                        0x080001db   Thumb Code     0  startup_stm32f429xx.o(.text)
    USART2_IRQHandler                        0x080001db   Thumb Code     0  startup_stm32f429xx.o(.text)
    USART3_IRQHandler                        0x080001db   Thumb Code     0  startup_stm32f429xx.o(.text)
    USART6_IRQHandler                        0x080001db   Thumb Code     0  startup_stm32f429xx.o(.text)
    WWDG_IRQHandler                          0x080001db   Thumb Code     0  startup_stm32f429xx.o(.text)
    strlen                                   0x080001e5   Thumb Code    14  strlen.o(.text)
    __scatterload                            0x080001f5   Thumb Code    28  init.o(.text)
    __scatterload_rt2                        0x080001f5   Thumb Code     0  init.o(.text)
    BSP_SD_GetCardInfo                       0x08000219   Thumb Code     8  bsp_driver_sd.o(i.BSP_SD_GetCardInfo)
    BSP_SD_GetStatus                         0x08000225   Thumb Code     6  bsp_driver_sd.o(i.BSP_SD_GetStatus)
    BSP_SD_Init                              0x08000231   Thumb Code    72  bsp_driver_sd.o(i.BSP_SD_Init)
    BSP_SD_ReadBlocks                        0x08000281   Thumb Code    26  bsp_driver_sd.o(i.BSP_SD_ReadBlocks)
    BSP_SD_WriteBlocks                       0x080002a1   Thumb Code    26  bsp_driver_sd.o(i.BSP_SD_WriteBlocks)
    FATFS_LinkDriver                         0x080002c1   Thumb Code    52  ff_gen_drv.o(i.FATFS_LinkDriver)
    FMC_SDRAM_Init                           0x080002f9   Thumb Code    58  stm32f4xx_ll_fmc.o(i.FMC_SDRAM_Init)
    FMC_SDRAM_Timing_Init                    0x08000333   Thumb Code   100  stm32f4xx_ll_fmc.o(i.FMC_SDRAM_Timing_Init)
    HAL_Delay                                0x08000397   Thumb Code    22  stm32f4xx_hal.o(i.HAL_Delay)
    HAL_GPIO_Init                            0x08000471   Thumb Code   400  stm32f4xx_hal_gpio.o(i.HAL_GPIO_Init)
    HAL_GPIO_WritePin                        0x08000635   Thumb Code    10  stm32f4xx_hal_gpio.o(i.HAL_GPIO_WritePin)
    HAL_GetTick                              0x08000641   Thumb Code     6  stm32f4xx_hal.o(i.HAL_GetTick)
    HAL_IWDG_Init                            0x0800064d   Thumb Code    70  stm32f4xx_hal_iwdg.o(i.HAL_IWDG_Init)
    HAL_IWDG_MspInit                         0x08000693   Thumb Code     2  stm32f4xx_hal_msp.o(i.HAL_IWDG_MspInit)
    HAL_IncTick                              0x08000695   Thumb Code    10  stm32f4xx_hal.o(i.HAL_IncTick)
    HAL_Init                                 0x080006a5   Thumb Code    48  stm32f4xx_hal.o(i.HAL_Init)
    HAL_InitTick                             0x080006d9   Thumb Code    34  stm32f4xx_hal.o(i.HAL_InitTick)
    HAL_MspInit                              0x080006fb   Thumb Code     2  stm32f4xx_hal.o(i.HAL_MspInit)
    HAL_NVIC_SetPriority                     0x080006fd   Thumb Code    60  stm32f4xx_hal_cortex.o(i.HAL_NVIC_SetPriority)
    HAL_NVIC_SetPriorityGrouping             0x0800073d   Thumb Code    26  stm32f4xx_hal_cortex.o(i.HAL_NVIC_SetPriorityGrouping)
    HAL_RCC_GetHCLKFreq                      0x08000761   Thumb Code    38  stm32f4xx_hal_rcc.o(i.HAL_RCC_GetHCLKFreq)
    HAL_RCC_GetPCLK1Freq                     0x08000795   Thumb Code    36  stm32f4xx_hal_rcc.o(i.HAL_RCC_GetPCLK1Freq)
    HAL_RCC_GetPCLK2Freq                     0x080007c1   Thumb Code    36  stm32f4xx_hal_rcc.o(i.HAL_RCC_GetPCLK2Freq)
    HAL_RCC_GetSysClockFreq                  0x080007ed   Thumb Code   120  stm32f4xx_hal_rcc.o(i.HAL_RCC_GetSysClockFreq)
    HAL_RCC_OscConfig                        0x0800086d   Thumb Code   802  stm32f4xx_hal_rcc.o(i.HAL_RCC_OscConfig)
    HAL_SDRAM_Init                           0x08000ba5   Thumb Code    60  stm32f4xx_hal_sdram.o(i.HAL_SDRAM_Init)
    HAL_SDRAM_MspInit                        0x08000be1   Thumb Code     4  stm32f4xx_hal_msp.o(i.HAL_SDRAM_MspInit)
    HAL_SD_GetCardStatus                     0x08000be5   Thumb Code   114  stm32f4xx_hal_sd.o(i.HAL_SD_GetCardStatus)
    HAL_SD_GetStatus                         0x08000c57   Thumb Code    78  stm32f4xx_hal_sd.o(i.HAL_SD_GetStatus)
    HAL_SD_Get_CardInfo                      0x08000ca5   Thumb Code   686  stm32f4xx_hal_sd.o(i.HAL_SD_Get_CardInfo)
    HAL_SD_Init                              0x08000f53   Thumb Code   158  stm32f4xx_hal_sd.o(i.HAL_SD_Init)
    HAL_SD_MspInit                           0x08000ff1   Thumb Code    74  stm32f4xx_hal_msp.o(i.HAL_SD_MspInit)
    HAL_SD_ReadBlocks                        0x0800104d   Thumb Code   380  stm32f4xx_hal_sd.o(i.HAL_SD_ReadBlocks)
    HAL_SD_SendSDStatus                      0x080011c9   Thumb Code   296  stm32f4xx_hal_sd.o(i.HAL_SD_SendSDStatus)
    HAL_SD_StopTransfer                      0x080012f1   Thumb Code    44  stm32f4xx_hal_sd.o(i.HAL_SD_StopTransfer)
    HAL_SD_WideBusOperation_Config           0x0800131d   Thumb Code    94  stm32f4xx_hal_sd.o(i.HAL_SD_WideBusOperation_Config)
    HAL_SD_WriteBlocks                       0x0800137d   Thumb Code   472  stm32f4xx_hal_sd.o(i.HAL_SD_WriteBlocks)
    HAL_SPI_Init                             0x08001555   Thumb Code   130  stm32f4xx_hal_spi.o(i.HAL_SPI_Init)
    HAL_SPI_MspInit                          0x080015d9   Thumb Code    72  stm32f4xx_hal_msp.o(i.HAL_SPI_MspInit)
    HAL_SPI_Receive                          0x0800162d   Thumb Code   470  stm32f4xx_hal_spi.o(i.HAL_SPI_Receive)
    HAL_SPI_Transmit                         0x08001803   Thumb Code   326  stm32f4xx_hal_spi.o(i.HAL_SPI_Transmit)
    HAL_SPI_TransmitReceive                  0x08001949   Thumb Code   688  stm32f4xx_hal_spi.o(i.HAL_SPI_TransmitReceive)
    HAL_SYSTICK_Callback                     0x08001bf9   Thumb Code     2  stm32f4xx_hal_cortex.o(i.HAL_SYSTICK_Callback)
    HAL_SYSTICK_Config                       0x08001bfb   Thumb Code    40  stm32f4xx_hal_cortex.o(i.HAL_SYSTICK_Config)
    HAL_SYSTICK_IRQHandler                   0x08001c23   Thumb Code     8  stm32f4xx_hal_cortex.o(i.HAL_SYSTICK_IRQHandler)
    HAL_UART_Init                            0x08001c2b   Thumb Code    92  stm32f4xx_hal_uart.o(i.HAL_UART_Init)
    HAL_UART_MspInit                         0x08001c89   Thumb Code    54  stm32f4xx_hal_msp.o(i.HAL_UART_MspInit)
    SDIO_DataConfig                          0x08001e41   Thumb Code    36  stm32f4xx_ll_sdmmc.o(i.SDIO_DataConfig)
    SDIO_GetCommandResponse                  0x08001e65   Thumb Code     6  stm32f4xx_ll_sdmmc.o(i.SDIO_GetCommandResponse)
    SDIO_GetPowerState                       0x08001e6b   Thumb Code     8  stm32f4xx_ll_sdmmc.o(i.SDIO_GetPowerState)
    SDIO_GetResponse                         0x08001e75   Thumb Code    12  stm32f4xx_ll_sdmmc.o(i.SDIO_GetResponse)
    SDIO_Init                                0x08001e85   Thumb Code    36  stm32f4xx_ll_sdmmc.o(i.SDIO_Init)
    SDIO_PowerState_ON                       0x08001ea9   Thumb Code     8  stm32f4xx_ll_sdmmc.o(i.SDIO_PowerState_ON)
    SDIO_ReadFIFO                            0x08001eb1   Thumb Code     6  stm32f4xx_ll_sdmmc.o(i.SDIO_ReadFIFO)
    SDIO_SendCommand                         0x08001eb7   Thumb Code    32  stm32f4xx_ll_sdmmc.o(i.SDIO_SendCommand)
    SDIO_WriteFIFO                           0x08001ed7   Thumb Code    10  stm32f4xx_ll_sdmmc.o(i.SDIO_WriteFIFO)
    SD_initialize                            0x08002629   Thumb Code    26  sd_diskio.o(i.SD_initialize)
    SD_ioctl                                 0x08002649   Thumb Code    76  sd_diskio.o(i.SD_ioctl)
    SD_read                                  0x08002699   Thumb Code    28  sd_diskio.o(i.SD_read)
    SD_status                                0x080026b5   Thumb Code    26  sd_diskio.o(i.SD_status)
    SD_write                                 0x080026d5   Thumb Code    28  sd_diskio.o(i.SD_write)
    SysTick_Handler                          0x0800278f   Thumb Code    14  stm32f4xx_it.o(i.SysTick_Handler)
    SystemClock_Config                       0x0800279d   Thumb Code    26  main.o(i.SystemClock_Config)
    SystemInit                               0x080027b9   Thumb Code    66  system_stm32f4xx.o(i.SystemInit)
    __scatterload_copy                       0x08002985   Thumb Code    14  handlers.o(i.__scatterload_copy)
    __scatterload_null                       0x08002993   Thumb Code     2  handlers.o(i.__scatterload_null)
    __scatterload_zeroinit                   0x08002995   Thumb Code    14  handlers.o(i.__scatterload_zeroinit)
    drawGauge                                0x080029a5   Thumb Code   206  main.o(i.drawGauge)
    drawText                                 0x08002a79   Thumb Code   162  main.o(i.drawText)
    ft800memRead16                           0x08002b71   Thumb Code   100  main.o(i.ft800memRead16)
    ft800memRead8                            0x08002bdd   Thumb Code   102  main.o(i.ft800memRead8)
    incCMDOffset                             0x08002d89   Thumb Code    14  main.o(i.incCMDOffset)
    main                                     0x08002d99   Thumb Code   858  main.o(i.main)
    APBAHBPrescTable                         0x0800312c   Data          16  stm32f4xx_hal_rcc.o(.constdata)
    Region$$Table$$Base                      0x0800313c   Number         0  anon$$obj.o(Region$$Table)
    Region$$Table$$Limit                     0x0800315c   Number         0  anon$$obj.o(Region$$Table)
    SD_DriverNum                             0x20000000   Data           1  main.o(.data)
    lcdPclk                                  0x20000001   Data           1  main.o(.data)
    lcdSwizzle                               0x20000002   Data           1  main.o(.data)
    lcdPclkpol                               0x20000003   Data           1  main.o(.data)
    ft800Gpio                                0x20000004   Data           1  main.o(.data)
    speed                                    0x20000006   Data           2  main.o(.data)
    revs                                     0x20000008   Data           2  main.o(.data)
    ramDisplayList                           0x2000000c   Data           4  main.o(.data)
    cmdBufferRd                              0x20000010   Data           4  main.o(.data)
    cmdBufferWr                              0x20000014   Data           4  main.o(.data)
    cmdOffset                                0x20000018   Data           4  main.o(.data)
    SD_Path                                  0x2000001c   Data           4  main.o(.data)
    lcdWidth                                 0x20000020   Data           4  main.o(.data)
    lcdHeight                                0x20000024   Data           4  main.o(.data)
    lcdHcycle                                0x20000028   Data           4  main.o(.data)
    lcdHoffset                               0x2000002c   Data           4  main.o(.data)
    lcdHsync0                                0x20000030   Data           4  main.o(.data)
    lcdHsync1                                0x20000034   Data           4  main.o(.data)
    lcdVcycle                                0x20000038   Data           4  main.o(.data)
    lcdVoffset                               0x2000003c   Data           4  main.o(.data)
    lcdVsync0                                0x20000040   Data           4  main.o(.data)
    lcdVsync1                                0x20000044   Data           4  main.o(.data)
    SystemCoreClock                          0x20000050   Data           4  system_stm32f4xx.o(.data)
    AHBPrescTable                            0x20000054   Data          16  system_stm32f4xx.o(.data)
    SD_Driver                                0x2000006c   Data          20  sd_diskio.o(.data)
    hiwdg                                    0x20000080   Data          16  main.o(.bss)
    hsd                                      0x20000090   Data          96  main.o(.bss)
    SDCardInfo                               0x200000f0   Data          88  main.o(.bss)
    hspi1                                    0x20000148   Data          84  main.o(.bss)
    huart1                                   0x2000019c   Data          60  main.o(.bss)
    hsdram1                                  0x200001d8   Data          52  main.o(.bss)
    disk                                     0x2000020c   Data          12  ff_gen_drv.o(.bss)
    __initial_sp                             0x20000618   Data           0  startup_stm32f429xx.o(STACK)



==============================================================================

Memory Map of the image

  Image Entry point : 0x080001ad

  Load Region LR_IROM1 (Base: 0x08000000, Size: 0x000031dc, Max: 0x00200000, ABSOLUTE)

    Execution Region ER_IROM1 (Base: 0x08000000, Size: 0x0000315c, Max: 0x00200000, ABSOLUTE)

    Base Addr    Size         Type   Attr      Idx    E Section Name        Object

    0x08000000   0x000001ac   Data   RO            3    RESET               startup_stm32f429xx.o
    0x080001ac   0x00000000   Code   RO         3134  * .ARM.Collect$$$$00000000  mc_w.l(entry.o)
    0x080001ac   0x00000004   Code   RO         3169    .ARM.Collect$$$$00000001  mc_w.l(entry2.o)
    0x080001b0   0x00000004   Code   RO         3172    .ARM.Collect$$$$00000004  mc_w.l(entry5.o)
    0x080001b4   0x00000000   Code   RO         3174    .ARM.Collect$$$$00000008  mc_w.l(entry7b.o)
    0x080001b4   0x00000000   Code   RO         3176    .ARM.Collect$$$$0000000A  mc_w.l(entry8b.o)
    0x080001b4   0x00000008   Code   RO         3177    .ARM.Collect$$$$0000000B  mc_w.l(entry9a.o)
    0x080001bc   0x00000000   Code   RO         3179    .ARM.Collect$$$$0000000D  mc_w.l(entry10a.o)
    0x080001bc   0x00000000   Code   RO         3181    .ARM.Collect$$$$0000000F  mc_w.l(entry11a.o)
    0x080001bc   0x00000004   Code   RO         3170    .ARM.Collect$$$$00002712  mc_w.l(entry2.o)
    0x080001c0   0x00000024   Code   RO            4    .text               startup_stm32f429xx.o
    0x080001e4   0x0000000e   Code   RO         3139    .text               mc_w.l(strlen.o)
    0x080001f2   0x00000002   PAD
    0x080001f4   0x00000024   Code   RO         3189    .text               mc_w.l(init.o)
    0x08000218   0x0000000c   Code   RO           17    i.BSP_SD_GetCardInfo  bsp_driver_sd.o
    0x08000224   0x0000000c   Code   RO           18    i.BSP_SD_GetStatus  bsp_driver_sd.o
    0x08000230   0x00000050   Code   RO           21    i.BSP_SD_Init       bsp_driver_sd.o
    0x08000280   0x00000020   Code   RO           23    i.BSP_SD_ReadBlocks  bsp_driver_sd.o
    0x080002a0   0x00000020   Code   RO           25    i.BSP_SD_WriteBlocks  bsp_driver_sd.o
    0x080002c0   0x00000038   Code   RO         3039    i.FATFS_LinkDriver  ff_gen_drv.o
    0x080002f8   0x0000003a   Code   RO         2334    i.FMC_SDRAM_Init    stm32f4xx_ll_fmc.o
    0x08000332   0x00000064   Code   RO         2338    i.FMC_SDRAM_Timing_Init  stm32f4xx_ll_fmc.o
    0x08000396   0x00000016   Code   RO          485    i.HAL_Delay         stm32f4xx_hal.o
    0x080003ac   0x000000c4   Code   RO          345    i.HAL_FMC_MspInit   stm32f4xx_hal_msp.o
    0x08000470   0x000001c4   Code   RO         1082    i.HAL_GPIO_Init     stm32f4xx_hal_gpio.o
    0x08000634   0x0000000a   Code   RO         1086    i.HAL_GPIO_WritePin  stm32f4xx_hal_gpio.o
    0x0800063e   0x00000002   PAD
    0x08000640   0x0000000c   Code   RO          499    i.HAL_GetTick       stm32f4xx_hal.o
    0x0800064c   0x00000046   Code   RO         1142    i.HAL_IWDG_Init     stm32f4xx_hal_iwdg.o
    0x08000692   0x00000002   Code   RO          347    i.HAL_IWDG_MspInit  stm32f4xx_hal_msp.o
    0x08000694   0x00000010   Code   RO          500    i.HAL_IncTick       stm32f4xx_hal.o
    0x080006a4   0x00000034   Code   RO          501    i.HAL_Init          stm32f4xx_hal.o
    0x080006d8   0x00000022   Code   RO          502    i.HAL_InitTick      stm32f4xx_hal.o
    0x080006fa   0x00000002   Code   RO          504    i.HAL_MspInit       stm32f4xx_hal.o
    0x080006fc   0x00000040   Code   RO          646    i.HAL_NVIC_SetPriority  stm32f4xx_hal_cortex.o
    0x0800073c   0x00000024   Code   RO          647    i.HAL_NVIC_SetPriorityGrouping  stm32f4xx_hal_cortex.o
    0x08000760   0x00000034   Code   RO         1339    i.HAL_RCC_GetHCLKFreq  stm32f4xx_hal_rcc.o
    0x08000794   0x0000002c   Code   RO         1341    i.HAL_RCC_GetPCLK1Freq  stm32f4xx_hal_rcc.o
    0x080007c0   0x0000002c   Code   RO         1342    i.HAL_RCC_GetPCLK2Freq  stm32f4xx_hal_rcc.o
    0x080007ec   0x00000080   Code   RO         1343    i.HAL_RCC_GetSysClockFreq  stm32f4xx_hal_rcc.o
    0x0800086c   0x00000338   Code   RO         1346    i.HAL_RCC_OscConfig  stm32f4xx_hal_rcc.o
    0x08000ba4   0x0000003c   Code   RO         1700    i.HAL_SDRAM_Init    stm32f4xx_hal_sdram.o
    0x08000be0   0x00000004   Code   RO          349    i.HAL_SDRAM_MspInit  stm32f4xx_hal_msp.o
    0x08000be4   0x00000072   Code   RO         1468    i.HAL_SD_GetCardStatus  stm32f4xx_hal_sd.o
    0x08000c56   0x0000004e   Code   RO         1469    i.HAL_SD_GetStatus  stm32f4xx_hal_sd.o
    0x08000ca4   0x000002ae   Code   RO         1470    i.HAL_SD_Get_CardInfo  stm32f4xx_hal_sd.o
    0x08000f52   0x0000009e   Code   RO         1473    i.HAL_SD_Init       stm32f4xx_hal_sd.o
    0x08000ff0   0x0000005c   Code   RO          351    i.HAL_SD_MspInit    stm32f4xx_hal_msp.o
    0x0800104c   0x0000017c   Code   RO         1476    i.HAL_SD_ReadBlocks  stm32f4xx_hal_sd.o
    0x080011c8   0x00000128   Code   RO         1478    i.HAL_SD_SendSDStatus  stm32f4xx_hal_sd.o
    0x080012f0   0x0000002c   Code   RO         1479    i.HAL_SD_StopTransfer  stm32f4xx_hal_sd.o
    0x0800131c   0x0000005e   Code   RO         1480    i.HAL_SD_WideBusOperation_Config  stm32f4xx_hal_sd.o
    0x0800137a   0x00000002   PAD
    0x0800137c   0x000001d8   Code   RO         1481    i.HAL_SD_WriteBlocks  stm32f4xx_hal_sd.o
    0x08001554   0x00000082   Code   RO         1854    i.HAL_SPI_Init      stm32f4xx_hal_spi.o
    0x080015d6   0x00000002   PAD
    0x080015d8   0x00000054   Code   RO          353    i.HAL_SPI_MspInit   stm32f4xx_hal_msp.o
    0x0800162c   0x000001d6   Code   RO         1857    i.HAL_SPI_Receive   stm32f4xx_hal_spi.o
    0x08001802   0x00000146   Code   RO         1862    i.HAL_SPI_Transmit  stm32f4xx_hal_spi.o
    0x08001948   0x000002b0   Code   RO         1863    i.HAL_SPI_TransmitReceive  stm32f4xx_hal_spi.o
    0x08001bf8   0x00000002   Code   RO          650    i.HAL_SYSTICK_Callback  stm32f4xx_hal_cortex.o
    0x08001bfa   0x00000028   Code   RO          651    i.HAL_SYSTICK_Config  stm32f4xx_hal_cortex.o
    0x08001c22   0x00000008   Code   RO          652    i.HAL_SYSTICK_IRQHandler  stm32f4xx_hal_cortex.o
    0x08001c2a   0x0000005c   Code   RO         2097    i.HAL_UART_Init     stm32f4xx_hal_uart.o
    0x08001c86   0x00000002   PAD
    0x08001c88   0x00000044   Code   RO          355    i.HAL_UART_MspInit  stm32f4xx_hal_msp.o
    0x08001ccc   0x00000048   Code   RO          212    i.MX_FMC_Init       main.o
    0x08001d14   0x000000dc   Code   RO          213    i.MX_GPIO_Init      main.o
    0x08001df0   0x00000030   Code   RO          214    i.MX_SPI1_Init      main.o
    0x08001e20   0x00000020   Code   RO          653    i.NVIC_SetPriority  stm32f4xx_hal_cortex.o
    0x08001e40   0x00000024   Code   RO         2490    i.SDIO_DataConfig   stm32f4xx_ll_sdmmc.o
    0x08001e64   0x00000006   Code   RO         2491    i.SDIO_GetCommandResponse  stm32f4xx_ll_sdmmc.o
    0x08001e6a   0x00000008   Code   RO         2494    i.SDIO_GetPowerState  stm32f4xx_ll_sdmmc.o
    0x08001e72   0x00000002   PAD
    0x08001e74   0x00000010   Code   RO         2495    i.SDIO_GetResponse  stm32f4xx_ll_sdmmc.o
    0x08001e84   0x00000024   Code   RO         2496    i.SDIO_Init         stm32f4xx_ll_sdmmc.o
    0x08001ea8   0x00000008   Code   RO         2498    i.SDIO_PowerState_ON  stm32f4xx_ll_sdmmc.o
    0x08001eb0   0x00000006   Code   RO         2499    i.SDIO_ReadFIFO     stm32f4xx_ll_sdmmc.o
    0x08001eb6   0x00000020   Code   RO         2500    i.SDIO_SendCommand  stm32f4xx_ll_sdmmc.o
    0x08001ed6   0x0000000a   Code   RO         2502    i.SDIO_WriteFIFO    stm32f4xx_ll_sdmmc.o
    0x08001ee0   0x000000ec   Code   RO         1485    i.SD_CmdResp1Error  stm32f4xx_hal_sd.o
    0x08001fcc   0x0000002e   Code   RO         1486    i.SD_CmdResp2Error  stm32f4xx_hal_sd.o
    0x08001ffa   0x00000072   Code   RO         1487    i.SD_CmdResp6Error  stm32f4xx_hal_sd.o
    0x0800206c   0x00000040   Code   RO         1488    i.SD_CmdResp7Error  stm32f4xx_hal_sd.o
    0x080020ac   0x0000010a   Code   RO         1493    i.SD_FindSCR        stm32f4xx_hal_sd.o
    0x080021b6   0x000000dc   Code   RO         1494    i.SD_Initialize_Cards  stm32f4xx_hal_sd.o
    0x08002292   0x00000002   PAD
    0x08002294   0x0000013c   Code   RO         1495    i.SD_IsCardProgramming  stm32f4xx_hal_sd.o
    0x080023d0   0x00000170   Code   RO         1496    i.SD_PowerON        stm32f4xx_hal_sd.o
    0x08002540   0x00000072   Code   RO         1497    i.SD_WideBus_Disable  stm32f4xx_hal_sd.o
    0x080025b2   0x00000074   Code   RO         1498    i.SD_WideBus_Enable  stm32f4xx_hal_sd.o
    0x08002626   0x00000002   PAD
    0x08002628   0x00000020   Code   RO         2633    i.SD_initialize     sd_diskio.o
    0x08002648   0x00000050   Code   RO         2634    i.SD_ioctl          sd_diskio.o
    0x08002698   0x0000001c   Code   RO         2635    i.SD_read           sd_diskio.o
    0x080026b4   0x00000020   Code   RO         2636    i.SD_status         sd_diskio.o
    0x080026d4   0x0000001c   Code   RO         2637    i.SD_write          sd_diskio.o
    0x080026f0   0x0000009e   Code   RO         1884    i.SPI_WaitOnFlagUntilTimeout  stm32f4xx_hal_spi.o
    0x0800278e   0x0000000e   Code   RO          426    i.SysTick_Handler   stm32f4xx_it.o
    0x0800279c   0x0000001a   Code   RO          215    i.SystemClock_Config  main.o
    0x080027b6   0x00000002   PAD
    0x080027b8   0x00000054   Code   RO          453    i.SystemInit        system_stm32f4xx.o
    0x0800280c   0x00000178   Code   RO         2116    i.UART_SetConfig    stm32f4xx_hal_uart.o
    0x08002984   0x0000000e   Code   RO         3193    i.__scatterload_copy  mc_w.l(handlers.o)
    0x08002992   0x00000002   Code   RO         3194    i.__scatterload_null  mc_w.l(handlers.o)
    0x08002994   0x0000000e   Code   RO         3195    i.__scatterload_zeroinit  mc_w.l(handlers.o)
    0x080029a2   0x00000002   PAD
    0x080029a4   0x000000d4   Code   RO          216    i.drawGauge         main.o
    0x08002a78   0x000000a8   Code   RO          217    i.drawText          main.o
    0x08002b20   0x00000050   Code   RO          218    i.ft800cmdWrite     main.o
    0x08002b70   0x0000006c   Code   RO          219    i.ft800memRead16    main.o
    0x08002bdc   0x00000070   Code   RO          221    i.ft800memRead8     main.o
    0x08002c4c   0x0000006c   Code   RO          222    i.ft800memWrite16   main.o
    0x08002cb8   0x00000078   Code   RO          223    i.ft800memWrite32   main.o
    0x08002d30   0x00000058   Code   RO          224    i.ft800memWrite8    main.o
    0x08002d88   0x0000000e   Code   RO          225    i.incCMDOffset      main.o
    0x08002d96   0x00000002   PAD
    0x08002d98   0x00000394   Code   RO          226    i.main              main.o
    0x0800312c   0x00000010   Data   RO         1347    .constdata          stm32f4xx_hal_rcc.o
    0x0800313c   0x00000020   Data   RO         3191    Region$$Table       anon$$obj.o


    Execution Region RW_IRAM1 (Base: 0x20000000, Size: 0x00000618, Max: 0x00030000, ABSOLUTE)

    Base Addr    Size         Type   Attr      Idx    E Section Name        Object

    0x20000000   0x00000048   Data   RW          228    .data               main.o
    0x20000048   0x00000008   Data   RW          356    .data               stm32f4xx_hal_msp.o
    0x20000050   0x00000014   Data   RW          454    .data               system_stm32f4xx.o
    0x20000064   0x00000004   Data   RW          507    .data               stm32f4xx_hal.o
    0x20000068   0x00000001   Data   RW         2638    .data               sd_diskio.o
    0x20000069   0x00000003   PAD
    0x2000006c   0x00000014   Data   RW         2639    .data               sd_diskio.o
    0x20000080   0x0000018c   Zero   RW          227    .bss                main.o
    0x2000020c   0x0000000c   Zero   RW         3041    .bss                ff_gen_drv.o
    0x20000218   0x00000400   Zero   RW            1    STACK               startup_stm32f429xx.o


==============================================================================

Image component sizes


      Code (inc. data)   RO Data    RW Data    ZI Data      Debug   Object Name

       168         30          0          0          0     373722   bsp_driver_sd.o
        56          4          0          0         12        906   ff_gen_drv.o
      2292        166          0         72        396      13528   main.o
       200         16          0         21          0      26032   sd_diskio.o
        36          8        428          0       1024        964   startup_stm32f429xx.o
       138         16          0          4          0       4628   stm32f4xx_hal.o
       182         14          0          0          0      30414   stm32f4xx_hal_cortex.o
       462         52          0          0          0       3100   stm32f4xx_hal_gpio.o
        70          0          0          0          0       1088   stm32f4xx_hal_iwdg.o
       446         78          0          8          0       4057   stm32f4xx_hal_msp.o
      1092         60         16          0          0       4949   stm32f4xx_hal_rcc.o
      4182         20          0          0          0      21844   stm32f4xx_hal_sd.o
        60          0          0          0          0       1137   stm32f4xx_hal_sdram.o
      1772          0          0          0          0       5302   stm32f4xx_hal_spi.o
       468         10          0          0          0       1956   stm32f4xx_hal_uart.o
        14          0          0          0          0        502   stm32f4xx_it.o
       158          0          0          0          0       1833   stm32f4xx_ll_fmc.o
       158          4          0          0          0       5881   stm32f4xx_ll_sdmmc.o
        84         18          0         20          0       1365   system_stm32f4xx.o

    ----------------------------------------------------------------------
     12056        496        476        128       1432     503208   Object Totals
         0          0         32          0          0          0   (incl. Generated)
        18          0          0          3          0          0   (incl. Padding)

    ----------------------------------------------------------------------

      Code (inc. data)   RO Data    RW Data    ZI Data      Debug   Library Member Name

         0          0          0          0          0          0   entry.o
         0          0          0          0          0          0   entry10a.o
         0          0          0          0          0          0   entry11a.o
         8          4          0          0          0          0   entry2.o
         4          0          0          0          0          0   entry5.o
         0          0          0          0          0          0   entry7b.o
         0          0          0          0          0          0   entry8b.o
         8          4          0          0          0          0   entry9a.o
        30          0          0          0          0          0   handlers.o
        36          8          0          0          0         68   init.o
        14          0          0          0          0         68   strlen.o

    ----------------------------------------------------------------------
       104         16          0          0          0        136   Library Totals
         4          0          0          0          0          0   (incl. Padding)

    ----------------------------------------------------------------------

      Code (inc. data)   RO Data    RW Data    ZI Data      Debug   Library Name

       100         16          0          0          0        136   mc_w.l

    ----------------------------------------------------------------------
       104         16          0          0          0        136   Library Totals

    ----------------------------------------------------------------------

==============================================================================


      Code (inc. data)   RO Data    RW Data    ZI Data      Debug   

     12160        512        476        128       1432     495148   Grand Totals
     12160        512        476        128       1432     495148   ELF Image Totals
     12160        512        476        128          0          0   ROM Totals

==============================================================================

    Total RO  Size (Code + RO Data)                12636 (  12.34kB)
    Total RW  Size (RW Data + ZI Data)              1560 (   1.52kB)
    Total ROM Size (Code + RO Data + RW Data)      12764 (  12.46kB)

==============================================================================

