<html>
<body>
<pre>
<h1>µVision Build Log</h1>
<h2>Project:</h2>
C:\Users\Czoks\Desktop\IBUS_v1\Projects\MDK-ARM\pinout.uvproj
Project File Date:  10/17/2014

<h2>Output:</h2>
Build target 'pinout Configuration'
compiling main.c...
linking...
Program Size: Code=11776 RO-data=476 RW-data=140 ZI-data=1436  
"pinout Configuration\pinout Configuration.axf" - 0 Error(s), 0 Warning(s).
Load "pinout Configuration\\pinout Configuration.axf" 
Erase Done.
Programming Done.
Verify OK.
Application running ...
32f4xx_hal_dma_ex.c...
compiling stm32f4xx_hal_flash.c...
compiling stm32f4xx_hal_flash_ex.c...
compiling stm32f4xx_hal_flash_ramfunc.c...
compiling stm32f4xx_hal_gpio.c...
compiling stm32f4xx_hal_iwdg.c...
compiling stm32f4xx_hal_pwr.c...
compiling stm32f4xx_hal_pwr_ex.c...
compiling stm32f4xx_hal_rcc.c...
compiling stm32f4xx_hal_rcc_ex.c...
compiling stm32f4xx_hal_sd.c...
compiling stm32f4xx_hal_sdram.c...
compiling stm32f4xx_hal_spi.c...
compiling stm32f4xx_hal_uart.c...
compiling stm32f4xx_ll_fmc.c...
compiling stm32f4xx_ll_sdmmc.c...
compiling diskio.c...
compiling sd_diskio.c...
compiling ff.c...
compiling ff_gen_drv.c...
compiling ccsbcs.c...
compiling syscall.c...
linking...
Program Size: Code=12400 RO-data=476 RW-data=140 ZI-data=1436  
"pinout Configuration\pinout Configuration.axf" - 0 Error(s), 0 Warning(s).
Load "pinout Configuration\\pinout Configuration.axf" 
Erase Done.
Programming Done.
Verify OK.
Application running ...
