<html>
<body>
<pre>
<h1>µVision Build Log</h1>
<h2>Project:</h2>
C:\Users\Czoks\Desktop\IBUS_v1\Projects\MDK-ARM\pinout.uvprojx
Project File Date:  11/10/2014

<h2>Output:</h2>
Build target 'pinout Configuration'
compiling stm32f4xx_it.c...
linking...
Program Size: Code=13640 RO-data=500 RW-data=144 ZI-data=1456  
FromELF: creating hex file...
"pinout Configuration\pinout Configuration.axf" - 0 Error(s), 0 Warning(s).
Load "pinout Configuration\\pinout Configuration.axf" 
Erase Done.
Programming Done.
Verify OK.
Application running ...
</pre>
</body>
</html>
D, 1, 10);
..\..\Src\main.c: 0 warnings, 2 errors
"pinout Configuration\pinout Configuration.axf" - 2 Error(s), 0 Warning(s).
Target not created
 Error(s), 0 Warning(s).
Target not created
.c...
compiling stm32f4xx_hal_pwr_ex.c...
compiling stm32f4xx_hal_rcc.c...
compiling stm32f4xx_hal_rcc_ex.c...
compiling stm32f4xx_hal_sd.c...
compiling stm32f4xx_hal_sdram.c...
compiling stm32f4xx_hal_spi.c...
compiling stm32f4xx_hal_uart.c...
compiling stm32f4xx_ll_fmc.c...
compiling stm32f4xx_ll_sdmmc.c...
compiling diskio.c...
compiling sd_diskio.c...
compiling ff.c...
compiling ff_gen_drv.c...
compiling ccsbcs.c...
compiling syscall.c...
linking...
Program Size: Code=13128 RO-data=476 RW-data=132 ZI-data=1460  
FromELF: creating hex file...
"pinout Configuration\pinout Configuration.axf" - 0 Error(s), 0 Warning(s).
